Component: ARM Compiler 5.06 update 7 (build 960) Tool: armlink [4d3601]

==============================================================================

Section Cross References

    main.o(i.TIM2_IRQHandler) refers to stm32f10x_tim.o(i.TIM_GetITStatus) for TIM_GetITStatus
    main.o(i.TIM2_IRQHandler) refers to stm32f10x_tim.o(i.TIM_ClearITPendingBit) for TIM_ClearITPendingBit
    main.o(i.TIM2_IRQHandler) refers to strlen.o(.text) for strlen
    main.o(i.TIM2_IRQHandler) refers to printfa.o(i.__0sprintf) for __2sprintf
    main.o(i.TIM2_IRQHandler) refers to lora.o(i.SendString) for SendString
    main.o(i.TIM2_IRQHandler) refers to main.o(.data) for count_100ms
    main.o(i.main) refers to delay.o(i.delay_init) for delay_init
    main.o(i.main) refers to misc.o(i.NVIC_PriorityGroupConfig) for NVIC_PriorityGroupConfig
    main.o(i.main) refers to usart.o(i.uart_init) for uart_init
    main.o(i.main) refers to led.o(i.LED_Init) for LED_Init
    main.o(i.main) refers to lcd.o(i.LCD_Init) for LCD_Init
    main.o(i.main) refers to lora.o(i.Lora_Init) for Lora_Init
    main.o(i.main) refers to timer.o(i.TIM2_Int_Init) for TIM2_Int_Init
    main.o(i.main) refers to timer.o(i.TIM3_Int_Init) for TIM3_Int_Init
    main.o(i.main) refers to lv_obj.o(i.lv_init) for lv_init
    main.o(i.main) refers to lv_port_disp.o(i.lv_port_disp_init) for lv_port_disp_init
    main.o(i.main) refers to lv_port_indev.o(i.lv_port_indev_init) for lv_port_indev_init
    main.o(i.main) refers to gui_app.o(i.gui_app_start) for gui_app_start
    main.o(i.main) refers to lv_task.o(i.lv_task_handler) for lv_task_handler
    main.o(i.main) refers to touch.o(.data) for tp_dev
    system_stm32f10x.o(i.SetSysClock) refers to system_stm32f10x.o(i.SetSysClockTo72) for SetSysClockTo72
    system_stm32f10x.o(i.SystemCoreClockUpdate) refers to system_stm32f10x.o(.data) for SystemCoreClock
    system_stm32f10x.o(i.SystemInit) refers to system_stm32f10x.o(i.SetSysClock) for SetSysClock
    led.o(i.LED_Init) refers to stm32f10x_rcc.o(i.RCC_APB2PeriphClockCmd) for RCC_APB2PeriphClockCmd
    led.o(i.LED_Init) refers to stm32f10x_gpio.o(i.GPIO_Init) for GPIO_Init
    led.o(i.LED_Init) refers to stm32f10x_gpio.o(i.GPIO_SetBits) for GPIO_SetBits
    lcd.o(i.LCD_Clear) refers to lcd.o(i.LCD_SetCursor) for LCD_SetCursor
    lcd.o(i.LCD_Clear) refers to lcd.o(i.LCD_WriteRAM_Prepare) for LCD_WriteRAM_Prepare
    lcd.o(i.LCD_Clear) refers to lcd.o(.bss) for lcddev
    lcd.o(i.LCD_Color_Fill) refers to lcd.o(i.LCD_SetCursor) for LCD_SetCursor
    lcd.o(i.LCD_Color_Fill) refers to lcd.o(i.LCD_WriteRAM_Prepare) for LCD_WriteRAM_Prepare
    lcd.o(i.LCD_DisplayOff) refers to lcd.o(i.LCD_WR_REG) for LCD_WR_REG
    lcd.o(i.LCD_DisplayOff) refers to lcd.o(.bss) for lcddev
    lcd.o(i.LCD_DisplayOn) refers to lcd.o(i.LCD_WR_REG) for LCD_WR_REG
    lcd.o(i.LCD_DisplayOn) refers to lcd.o(.bss) for lcddev
    lcd.o(i.LCD_Display_Dir) refers to lcd.o(i.LCD_Scan_Dir) for LCD_Scan_Dir
    lcd.o(i.LCD_Display_Dir) refers to lcd.o(.bss) for lcddev
    lcd.o(i.LCD_DrawLine) refers to lcd.o(i.LCD_DrawPoint) for LCD_DrawPoint
    lcd.o(i.LCD_DrawPoint) refers to lcd.o(i.LCD_SetCursor) for LCD_SetCursor
    lcd.o(i.LCD_DrawPoint) refers to lcd.o(i.LCD_WriteRAM_Prepare) for LCD_WriteRAM_Prepare
    lcd.o(i.LCD_DrawPoint) refers to lcd.o(.data) for POINT_COLOR
    lcd.o(i.LCD_DrawRectangle) refers to lcd.o(i.LCD_DrawLine) for LCD_DrawLine
    lcd.o(i.LCD_Draw_Circle) refers to lcd.o(i.LCD_DrawPoint) for LCD_DrawPoint
    lcd.o(i.LCD_Fast_DrawPoint) refers to lcd.o(i.LCD_WR_REG) for LCD_WR_REG
    lcd.o(i.LCD_Fast_DrawPoint) refers to lcd.o(.bss) for lcddev
    lcd.o(i.LCD_Fill) refers to lcd.o(i.LCD_SetCursor) for LCD_SetCursor
    lcd.o(i.LCD_Fill) refers to lcd.o(i.LCD_WriteRAM_Prepare) for LCD_WriteRAM_Prepare
    lcd.o(i.LCD_Init) refers to stm32f10x_rcc.o(i.RCC_APB2PeriphClockCmd) for RCC_APB2PeriphClockCmd
    lcd.o(i.LCD_Init) refers to stm32f10x_gpio.o(i.GPIO_PinRemapConfig) for GPIO_PinRemapConfig
    lcd.o(i.LCD_Init) refers to stm32f10x_gpio.o(i.GPIO_Init) for GPIO_Init
    lcd.o(i.LCD_Init) refers to stm32f10x_gpio.o(i.GPIO_SetBits) for GPIO_SetBits
    lcd.o(i.LCD_Init) refers to delay.o(i.delay_ms) for delay_ms
    lcd.o(i.LCD_Init) refers to lcd.o(i.LCD_WriteReg) for LCD_WriteReg
    lcd.o(i.LCD_Init) refers to lcd.o(i.LCD_WR_REG) for LCD_WR_REG
    lcd.o(i.LCD_Init) refers to lcd.o(i.LCD_RD_DATA) for LCD_RD_DATA
    lcd.o(i.LCD_Init) refers to printfa.o(i.__0printf) for __2printf
    lcd.o(i.LCD_Init) refers to lcd.o(i.LCD_WR_DATAX) for LCD_WR_DATAX
    lcd.o(i.LCD_Init) refers to lcd.o(.bss) for lcddev
    lcd.o(i.LCD_Init) refers to lcd.o(i.LCD_Display_Dir) for LCD_Display_Dir
    lcd.o(i.LCD_Init) refers to lcd.o(i.LCD_Clear) for LCD_Clear
    lcd.o(i.LCD_RD_DATA) refers to lcd.o(i.opt_delay) for opt_delay
    lcd.o(i.LCD_ReadPoint) refers to lcd.o(i.LCD_SetCursor) for LCD_SetCursor
    lcd.o(i.LCD_ReadPoint) refers to lcd.o(i.LCD_WR_REG) for LCD_WR_REG
[...]
    0x08006358   0x08006358   0x000000e4   Code   RO         1464    i.event_handler     main_win.o
    0x0800643c   0x0800643c   0x000000e0   Code   RO         1483    i.event_handler     call_win.o
    0x0800651c   0x0800651c   0x000000f6   Code   RO          303    i.focus_next_core   lv_group.o
    0x08006612   0x08006612   0x00000002   PAD
    0x08006614   0x08006614   0x0000001c   Code   RO          110    i.fputc             usart.o
    0x08006630   0x08006630   0x00000068   Code   RO         1410    i.gauge_init        lv_theme_night.o
    0x08006698   0x08006698   0x000000b4   Code   RO         1446    i.general_win_create  gui_app.o
    0x0800674c   0x0800674c   0x00000092   Code   RO          768    i.get_button_from_point  lv_btnm.o
    0x080067de   0x080067de   0x00000010   Code   RO          769    i.get_button_width  lv_btnm.o
    0x080067ee   0x080067ee   0x00000070   Code   RO         1249    i.get_cursor_style  lv_ta.o
    0x0800685e   0x0800685e   0x00000002   PAD
    0x08006860   0x08006860   0x00000028   Code   RO          804    i.get_day_name      lv_calendar.o
    0x08006888   0x08006888   0x00000024   Code   RO          805    i.get_day_names_height  lv_calendar.o
    0x080068ac   0x080068ac   0x0000004c   Code   RO          806    i.get_day_of_week   lv_calendar.o
    0x080068f8   0x080068f8   0x0000019c   Code   RO          581    i.get_glyph_dsc_id  lv_font_fmt_txt.o
    0x08006a94   0x08006a94   0x00000024   Code   RO          807    i.get_header_height  lv_calendar.o
    0x08006ab8   0x08006ab8   0x000000d8   Code   RO          582    i.get_kern_value    lv_font_fmt_txt.o
    0x08006b90   0x08006b90   0x00000042   Code   RO          808    i.get_month_length  lv_calendar.o
    0x08006bd2   0x08006bd2   0x00000002   PAD
    0x08006bd4   0x08006bd4   0x00000030   Code   RO          809    i.get_month_name    lv_calendar.o
    0x08006c04   0x08006c04   0x0000001e   Code   RO         1447    i.gui_app_start     gui_app.o
    0x08006c22   0x08006c22   0x00000050   Code   RO          524    i.hex_char_to_num   lv_draw_label.o
    0x08006c72   0x08006c72   0x00000002   PAD
    0x08006c74   0x08006c74   0x00000118   Code   RO         1465    i.home_tab_init     main_win.o
    0x08006d8c   0x08006d8c   0x00000018   Code   RO         1411    i.img_init          lv_theme_night.o
    0x08006da4   0x08006da4   0x00000056   Code   RO          338    i.indev_button_proc  lv_indev.o
    0x08006dfa   0x08006dfa   0x00000002   PAD
    0x08006dfc   0x08006dfc   0x00000218   Code   RO          339    i.indev_drag        lv_indev.o
    0x08007014   0x08007014   0x000001b0   Code   RO          340    i.indev_drag_throw  lv_indev.o
    0x080071c4   0x080071c4   0x0000037c   Code   RO          341    i.indev_encoder_proc  lv_indev.o
    0x08007540   0x08007540   0x000002fc   Code   RO          342    i.indev_keypad_proc  lv_indev.o
    0x0800783c   0x0800783c   0x0000005a   Code   RO          343    i.indev_pointer_proc  lv_indev.o
    0x08007896   0x08007896   0x00000002   PAD
    0x08007898   0x08007898   0x0000037c   Code   RO          344    i.indev_proc_press  lv_indev.o
    0x08007c14   0x08007c14   0x00000264   Code   RO          345    i.indev_proc_release  lv_indev.o
    0x08007e78   0x08007e78   0x0000005c   Code   RO          346    i.indev_proc_reset_query_handler  lv_indev.o
    0x08007ed4   0x08007ed4   0x00000020   Code   RO          347    i.indev_reset_check  lv_indev.o
    0x08007ef4   0x08007ef4   0x00000076   Code   RO          348    i.indev_search_obj  lv_indev.o
    0x08007f6a   0x08007f6a   0x0000009c   Code   RO         1187    i.inf_normalize     lv_roller.o
    0x08008006   0x08008006   0x00000082   Code   RO          770    i.invalidate_button_area  lv_btnm.o
    0x08008088   0x08008088   0x0000005c   Code   RO          810    i.is_highlighted    lv_calendar.o
    0x080080e4   0x080080e4   0x0000002a   Code   RO          811    i.is_leap_year      lv_calendar.o
    0x0800810e   0x0800810e   0x00000002   PAD
    0x08008110   0x08008110   0x00000050   Code   RO         1484    i.kb_call_create    call_win.o
    0x08008160   0x08008160   0x00000034   Code   RO         1412    i.kb_init           lv_theme_night.o
    0x08008194   0x08008194   0x00000060   Code   RO         1461    i.kb_login_create   login_win.o
    0x080081f4   0x080081f4   0x00000020   Code   RO          583    i.kern_pair_16_compare  lv_font_fmt_txt.o
    0x08008214   0x08008214   0x00000020   Code   RO          584    i.kern_pair_8_compare  lv_font_fmt_txt.o
    0x08008234   0x08008234   0x00000088   Code   RO         1413    i.label_init        lv_theme_night.o
    0x080082bc   0x080082bc   0x0000008c   Code   RO         1414    i.led_init          lv_theme_night.o
    0x08008348   0x08008348   0x000000d4   Code   RO          527    i.line_draw_hor     lv_draw_line.o
    0x0800841c   0x0800841c   0x00000e24   Code   RO          528    i.line_draw_skew    lv_draw_line.o
    0x08009240   0x08009240   0x000000d2   Code   RO          529    i.line_draw_ver     lv_draw_line.o
    0x08009312   0x08009312   0x000000d4   Code   RO          530    i.line_init         lv_draw_line.o
    0x080093e6   0x080093e6   0x00000002   PAD
    0x080093e8   0x080093e8   0x00000010   Code   RO         1415    i.line_init         lv_theme_night.o
    0x080093f8   0x080093f8   0x00000068   Code   RO          531    i.line_next         lv_draw_line.o
    0x08009460   0x08009460   0x00000022   Code   RO          532    i.line_next_x       lv_draw_line.o
    0x08009482   0x08009482   0x00000022   Code   RO          533    i.line_next_y       lv_draw_line.o
    0x080094a4   0x080094a4   0x000001fc   Code   RO         1416    i.list_init         lv_theme_night.o
    0x080096a0   0x080096a0   0x0000008c   Code   RO         1417    i.lmeter_init       lv_theme_night.o
    0x0800972c   0x0800972c   0x00000204   Code   RO         1462    i.login_win_create  login_win.o
    0x08009930   0x08009930   0x0000002c   Code   RO          620    i.lv_anim_core_init  lv_anim.o
    0x0800995c   0x0800995c   0x00000058   Code   RO          622    i.lv_anim_create    lv_anim.o
    0x080099b4   0x080099b4   0x00000058   Code   RO          623    i.lv_anim_del       lv_anim.o
    0x08009a0c   0x08009a0c   0x00000034   Code   RO          629    i.lv_anim_path_linear  lv_anim.o
    0x08009a40   0x08009a40   0x00000018   Code   RO          631    i.lv_anim_path_step  lv_anim.o
    0x08009a58   0x08009a58   0x00000030   Code   RO          632    i.lv_anim_speed_to_time  lv_anim.o
    0x08009a88   0x08009a88   0x0000000a   Code   RO          368    i.lv_area_copy      lv_obj.o
    0x08009a92   0x08009a92   0x0000000a   Code   RO          462    i.lv_area_copy      lv_refr.o
    0x08009a9c   0x08009a9c   0x0000000a   Code   RO          536    i.lv_area_copy      lv_draw_rect.o
    0x08009aa6   0x08009aa6   0x0000000a   Code   RO          771    i.lv_area_copy      lv_btnm.o
    0x08009ab0   0x08009ab0   0x0000000a   Code   RO          812    i.lv_area_copy      lv_calendar.o
    0x08009aba   0x08009aba   0x0000000a   Code   RO          908    i.lv_area_copy      lv_cont.o
    0x08009ac4   0x08009ac4   0x0000000a   Code   RO         1139    i.lv_area_copy      lv_page.o
    0x08009ace   0x08009ace   0x0000000a   Code   RO         1206    i.lv_area_copy      lv_slider.o
    0x08009ad8   0x08009ad8   0x0000000a   Code   RO         1250    i.lv_area_copy      lv_ta.o
    0x08009ae2   0x08009ae2   0x0000000e   Code   RO          463    i.lv_area_get_height  lv_refr.o
    0x08009af0   0x08009af0   0x0000000e   Code   RO          537    i.lv_area_get_height  lv_draw_rect.o
    0x08009afe   0x08009afe   0x0000000e   Code   RO         1015    i.lv_area_get_height  lv_label.o
    0x08009b0c   0x08009b0c   0x0000000e   Code   RO         1140    i.lv_area_get_height  lv_page.o
    0x08009b1a   0x08009b1a   0x0000000e   Code   RO         1207    i.lv_area_get_height  lv_slider.o
    0x08009b28   0x08009b28   0x0000000e   Code   RO         1251    i.lv_area_get_height  lv_ta.o
    0x08009b36   0x08009b36   0x00000022   Code   RO          634    i.lv_area_get_size  lv_area.o
    0x08009b58   0x08009b58   0x0000000e   Code   RO          464    i.lv_area_get_width  lv_refr.o
    0x08009b66   0x08009b66   0x0000000e   Code   RO          504    i.lv_area_get_width  lv_draw_basic.o
    0x08009b74   0x08009b74   0x0000000e   Code   RO          512    i.lv_area_get_width  lv_draw_img.o
    0x08009b82   0x08009b82   0x0000000e   Code   RO          525    i.lv_area_get_width  lv_draw_label.o
    0x08009b90   0x08009b90   0x0000000e   Code   RO          538    i.lv_area_get_width  lv_draw_rect.o
    0x08009b9e   0x08009b9e   0x0000000e   Code   RO          772    i.lv_area_get_width  lv_btnm.o
    0x08009bac   0x08009bac   0x0000000e   Code   RO         1016    i.lv_area_get_width  lv_label.o
    0x08009bba   0x08009bba   0x0000000e   Code   RO         1141    i.lv_area_get_width  lv_page.o
    0x08009bc8   0x08009bc8   0x0000000e   Code   RO         1208    i.lv_area_get_width  lv_slider.o
    0x08009bd6   0x08009bd6   0x0000000e   Code   RO         1252    i.lv_area_get_width  lv_ta.o
    0x08009be4   0x08009be4   0x00000082   Code   RO          635    i.lv_area_intersect  lv_area.o
    0x08009c66   0x08009c66   0x0000003a   Code   RO          636    i.lv_area_is_in     lv_area.o
    0x08009ca0   0x08009ca0   0x0000003a   Code   RO          637    i.lv_area_is_on     lv_area.o
    0x08009cda   0x08009cda   0x0000003a   Code   RO          638    i.lv_area_is_point_on  lv_area.o
    0x08009d14   0x08009d14   0x00000064   Code   RO          639    i.lv_area_join      lv_area.o
    0x08009d78   0x08009d78   0x0000000e   Code   RO          640    i.lv_area_set       lv_area.o
    0x08009d86   0x08009d86   0x0000000c   Code   RO          641    i.lv_area_set_height  lv_area.o
    0x08009d92   0x08009d92   0x0000003a   Code   RO          642    i.lv_area_set_pos   lv_area.o
    0x08009dcc   0x08009dcc   0x0000000c   Code   RO          643    i.lv_area_set_width  lv_area.o
    0x08009dd8   0x08009dd8   0x00000018   Code   RO          727    i.lv_bar_anim       lv_bar.o
    0x08009df0   0x08009df0   0x00000020   Code   RO          728    i.lv_bar_anim_ready  lv_bar.o
    0x08009e10   0x08009e10   0x00000120   Code   RO          729    i.lv_bar_create     lv_bar.o
    0x08009f30   0x08009f30   0x0000032c   Code   RO          730    i.lv_bar_design     lv_bar.o
    0x0800a25c   0x0800a25c   0x00000012   Code   RO          732    i.lv_bar_get_max_value  lv_bar.o
    0x0800a26e   0x0800a26e   0x00000012   Code   RO          733    i.lv_bar_get_min_value  lv_bar.o
    0x0800a280   0x0800a280   0x00000034   Code   RO          734    i.lv_bar_get_style  lv_bar.o
    0x0800a2b4   0x0800a2b4   0x00000020   Code   RO          736    i.lv_bar_get_value  lv_bar.o
    0x0800a2d4   0x0800a2d4   0x00000060   Code   RO          738    i.lv_bar_set_range  lv_bar.o
    0x0800a334   0x0800a334   0x00000034   Code   RO          739    i.lv_bar_set_style  lv_bar.o
    0x0800a368   0x0800a368   0x000000d8   Code   RO          741    i.lv_bar_set_value  lv_bar.o
    0x0800a440   0x0800a440   0x00000078   Code   RO          742    i.lv_bar_signal     lv_bar.o
    0x0800a4b8   0x0800a4b8   0x0000014c   Code   RO          744    i.lv_btn_create     lv_btn.o
    0x0800a604   0x0800a604   0x00000038   Code   RO          745    i.lv_btn_design     lv_btn.o
    0x0800a63c   0x0800a63c   0x00000014   Code   RO          749    i.lv_btn_get_state  lv_btn.o
    0x0800a650   0x0800a650   0x00000014   Code   RO          751    i.lv_btn_get_toggle  lv_btn.o
    0x0800a664   0x0800a664   0x0000002e   Code   RO          755    i.lv_btn_set_state  lv_btn.o
    0x0800a692   0x0800a692   0x0000004c   Code   RO          756    i.lv_btn_set_style  lv_btn.o
    0x0800a6de   0x0800a6de   0x00000002   PAD
    0x0800a6e0   0x0800a6e0   0x00000228   Code   RO          758    i.lv_btn_signal     lv_btn.o
    0x0800a908   0x0800a908   0x00000036   Code   RO          773    i.lv_btnm_clear_btn_ctrl  lv_btnm.o
    0x0800a93e   0x0800a93e   0x0000002c   Code   RO          774    i.lv_btnm_clear_btn_ctrl_all  lv_btnm.o
    0x0800a96a   0x0800a96a   0x00000002   PAD
    0x0800a96c   0x0800a96c   0x00000170   Code   RO          775    i.lv_btnm_create    lv_btnm.o
    0x0800aadc   0x0800aadc   0x0000030c   Code   RO          776    i.lv_btnm_design    lv_btnm.o
    0x0800ade8   0x0800ade8   0x00000010   Code   RO          777    i.lv_btnm_get_active_btn  lv_btnm.o
    0x0800adf8   0x0800adf8   0x00000024   Code   RO          778    i.lv_btnm_get_active_btn_text  lv_btnm.o
    0x0800ae1c   0x0800ae1c   0x00000030   Code   RO          779    i.lv_btnm_get_btn_ctrl  lv_btnm.o
    0x0800ae4c   0x0800ae4c   0x00000058   Code   RO          780    i.lv_btnm_get_btn_text  lv_btnm.o
    0x0800aea4   0x0800aea4   0x00000010   Code   RO          781    i.lv_btnm_get_map_array  lv_btnm.o
    0x0800aeb4   0x0800aeb4   0x0000004a   Code   RO          785    i.lv_btnm_get_style  lv_btnm.o
    0x0800aefe   0x0800aefe   0x00000036   Code   RO          786    i.lv_btnm_set_btn_ctrl  lv_btnm.o
    0x0800af34   0x0800af34   0x0000002c   Code   RO          787    i.lv_btnm_set_btn_ctrl_all  lv_btnm.o
    0x0800af60   0x0800af60   0x00000024   Code   RO          789    i.lv_btnm_set_ctrl_map  lv_btnm.o
    0x0800af84   0x0800af84   0x0000023c   Code   RO          790    i.lv_btnm_set_map   lv_btnm.o
    0x0800b1c0   0x0800b1c0   0x00000062   Code   RO          794    i.lv_btnm_set_style  lv_btnm.o
    0x0800b222   0x0800b222   0x00000002   PAD
    0x0800b224   0x0800b224   0x000004b4   Code   RO          795    i.lv_btnm_signal    lv_btnm.o
    0x0800b6d8   0x0800b6d8   0x000001fc   Code   RO          813    i.lv_calendar_create  lv_calendar.o
    0x0800b8d4   0x0800b8d4   0x00000064   Code   RO          814    i.lv_calendar_design  lv_calendar.o
    0x0800b938   0x0800b938   0x0000001a   Code   RO          819    i.lv_calendar_get_pressed_date  lv_calendar.o
    0x0800b952   0x0800b952   0x00000054   Code   RO          821    i.lv_calendar_get_style  lv_calendar.o
    0x0800b9a6   0x0800b9a6   0x00000018   Code   RO          823    i.lv_calendar_set_day_names  lv_calendar.o
    0x0800b9be   0x0800b9be   0x00000020   Code   RO          824    i.lv_calendar_set_highlighted_dates  lv_calendar.o
    0x0800b9de   0x0800b9de   0x00000018   Code   RO          825    i.lv_calendar_set_month_names  lv_calendar.o
    0x0800b9f6   0x0800b9f6   0x00000022   Code   RO          826    i.lv_calendar_set_showed_date  lv_calendar.o
    0x0800ba18   0x0800ba18   0x00000054   Code   RO          827    i.lv_calendar_set_style  lv_calendar.o
    0x0800ba6c   0x0800ba6c   0x00000022   Code   RO          828    i.lv_calendar_set_today_date  lv_calendar.o
    0x0800ba8e   0x0800ba8e   0x00000002   PAD
    0x0800ba90   0x0800ba90   0x00000224   Code   RO          829    i.lv_calendar_signal  lv_calendar.o
    0x0800bcb4   0x0800bcb4   0x0000008c   Code   RO          865    i.lv_chart_add_series  lv_chart.o
    0x0800bd40   0x0800bd40   0x00000144   Code   RO          867    i.lv_chart_create   lv_chart.o
    0x0800be84   0x0800be84   0x000000d0   Code   RO          868    i.lv_chart_design   lv_chart.o
    0x0800bf54   0x0800bf54   0x00000190   Code   RO          869    i.lv_chart_draw_areas  lv_chart.o
    0x0800c0e4   0x0800c0e4   0x00000018   Code   RO          870    i.lv_chart_draw_axes  lv_chart.o
    0x0800c0fc   0x0800c0fc   0x000001a0   Code   RO          871    i.lv_chart_draw_cols  lv_chart.o
    0x0800c29c   0x0800c29c   0x00000126   Code   RO          872    i.lv_chart_draw_div  lv_chart.o
    0x0800c3c2   0x0800c3c2   0x00000002   PAD
    0x0800c3c4   0x0800c3c4   0x00000168   Code   RO          873    i.lv_chart_draw_lines  lv_chart.o
    0x0800c52c   0x0800c52c   0x00000180   Code   RO          874    i.lv_chart_draw_points  lv_chart.o
    0x0800c6ac   0x0800c6ac   0x00000188   Code   RO          875    i.lv_chart_draw_vertical_lines  lv_chart.o
    0x0800c834   0x0800c834   0x00000268   Code   RO          876    i.lv_chart_draw_x_ticks  lv_chart.o
    0x0800ca9c   0x0800ca9c   0x00000254   Code   RO          877    i.lv_chart_draw_y_ticks  lv_chart.o
    0x0800ccf0   0x0800ccf0   0x0000000c   Code   RO          888    i.lv_chart_refresh  lv_chart.o
    0x0800ccfc   0x0800ccfc   0x00000030   Code   RO          889    i.lv_chart_set_div_line_count  lv_chart.o
    0x0800cd2c   0x0800cd2c   0x00000018   Code   RO          890    i.lv_chart_set_margin  lv_chart.o
    0x0800cd44   0x0800cd44   0x00000110   Code   RO          892    i.lv_chart_set_point_count  lv_chart.o
    0x0800ce54   0x0800ce54   0x0000002c   Code   RO          893    i.lv_chart_set_points  lv_chart.o
    0x0800ce80   0x0800ce80   0x00000034   Code   RO          894    i.lv_chart_set_range  lv_chart.o
    0x0800ceb4   0x0800ceb4   0x00000026   Code   RO          895    i.lv_chart_set_series_darking  lv_chart.o
    0x0800ceda   0x0800ceda   0x00000026   Code   RO          896    i.lv_chart_set_series_opa  lv_chart.o
    0x0800cf00   0x0800cf00   0x00000024   Code   RO          897    i.lv_chart_set_series_width  lv_chart.o
    0x0800cf24   0x0800cf24   0x00000012   Code   RO          898    i.lv_chart_set_style  lv_chart.o
    0x0800cf36   0x0800cf36   0x00000022   Code   RO          899    i.lv_chart_set_type  lv_chart.o
    0x0800cf58   0x0800cf58   0x0000001e   Code   RO          901    i.lv_chart_set_x_tick_length  lv_chart.o
    0x0800cf76   0x0800cf76   0x00000022   Code   RO          902    i.lv_chart_set_x_tick_texts  lv_chart.o
    0x0800cf98   0x0800cf98   0x0000001a   Code   RO          903    i.lv_chart_set_y_tick_length  lv_chart.o
    0x0800cfb2   0x0800cfb2   0x0000001e   Code   RO          904    i.lv_chart_set_y_tick_texts  lv_chart.o
    0x0800cfd0   0x0800cfd0   0x00000098   Code   RO          905    i.lv_chart_signal   lv_chart.o
    0x0800d068   0x0800d068   0x00000016   Code   RO          646    i.lv_circ_cont      lv_circ.o
    0x0800d07e   0x0800d07e   0x00000010   Code   RO          647    i.lv_circ_init      lv_circ.o
    0x0800d08e   0x0800d08e   0x0000003c   Code   RO          648    i.lv_circ_next      lv_circ.o
    0x0800d0ca   0x0800d0ca   0x0000005c   Code   RO         1418    i.lv_color_hex3     lv_theme_night.o
    0x0800d126   0x0800d126   0x000000fa   Code   RO          649    i.lv_color_hsv_to_rgb  lv_color.o
    0x0800d220   0x0800d220   0x00000030   Code   RO          480    i.lv_color_make     lv_style.o
    0x0800d250   0x0800d250   0x00000030   Code   RO          650    i.lv_color_make     lv_color.o
    0x0800d280   0x0800d280   0x0000007c   Code   RO          304    i.lv_color_mix      lv_group.o
    0x0800d2fc   0x0800d2fc   0x0000007c   Code   RO          505    i.lv_color_mix      lv_draw_basic.o
    0x0800d378   0x0800d378   0x0000007c   Code   RO          539    i.lv_color_mix      lv_draw_rect.o
    0x0800d3f4   0x0800d3f4   0x0000007c   Code   RO          906    i.lv_color_mix      lv_chart.o
    0x0800d470   0x0800d470   0x000000fc   Code   RO          909    i.lv_cont_create    lv_cont.o
    0x0800d56c   0x0800d56c   0x00000014   Code   RO          910    i.lv_cont_get_fit_bottom  lv_cont.o
    0x0800d580   0x0800d580   0x00000014   Code   RO          911    i.lv_cont_get_fit_left  lv_cont.o
    0x0800d594   0x0800d594   0x00000014   Code   RO          913    i.lv_cont_get_fit_top  lv_cont.o
    0x0800d5a8   0x0800d5a8   0x00000014   Code   RO          914    i.lv_cont_get_layout  lv_cont.o
    0x0800d5bc   0x0800d5bc   0x000000ec   Code   RO          915    i.lv_cont_layout_center  lv_cont.o
    0x0800d6a8   0x0800d6a8   0x000000b6   Code   RO          916    i.lv_cont_layout_col  lv_cont.o
    0x0800d75e   0x0800d75e   0x0000011a   Code   RO          917    i.lv_cont_layout_grid  lv_cont.o
    0x0800d878   0x0800d878   0x00000244   Code   RO          918    i.lv_cont_layout_pretty  lv_cont.o
    0x0800dabc   0x0800dabc   0x000000b4   Code   RO          919    i.lv_cont_layout_row  lv_cont.o
    0x0800db70   0x0800db70   0x0000036e   Code   RO          920    i.lv_cont_refr_autofit  lv_cont.o
    0x0800dede   0x0800dede   0x0000006a   Code   RO          921    i.lv_cont_refr_layout  lv_cont.o
    0x0800df48   0x0800df48   0x00000018   Code   RO          927    i.lv_cont_set_fit2  lv_ddlist.o
    0x0800df60   0x0800df60   0x00000018   Code   RO         1073    i.lv_cont_set_fit2  lv_list.o
    0x0800df78   0x0800df78   0x00000018   Code   RO         1333    i.lv_cont_set_fit2  lv_tabview.o
    0x0800df90   0x0800df90   0x00000078   Code   RO          922    i.lv_cont_set_fit4  lv_cont.o
    0x0800e008   0x0800e008   0x00000030   Code   RO          923    i.lv_cont_set_layout  lv_cont.o
    0x0800e038   0x0800e038   0x00000012   Code   RO          924    i.lv_cont_set_style  lv_cont.o
    0x0800e04a   0x0800e04a   0x00000002   PAD
    0x0800e04c   0x0800e04c   0x000000c0   Code   RO          925    i.lv_cont_signal    lv_cont.o
    0x0800e10c   0x0800e10c   0x00000016   Code   RO          928    i.lv_ddlist_adjust_height  lv_ddlist.o
    0x0800e122   0x0800e122   0x00000030   Code   RO          929    i.lv_ddlist_anim_finish  lv_ddlist.o
    0x0800e152   0x0800e152   0x0000000e   Code   RO          930    i.lv_ddlist_anim_ready_cb  lv_ddlist.o
    0x0800e160   0x0800e160   0x0000023c   Code   RO          932    i.lv_ddlist_create  lv_ddlist.o
    0x0800e39c   0x0800e39c   0x000002a8   Code   RO          933    i.lv_ddlist_design  lv_ddlist.o
    0x0800e644   0x0800e644   0x00000010   Code   RO          938    i.lv_ddlist_get_selected  lv_ddlist.o
    0x0800e654   0x0800e654   0x00000036   Code   RO          941    i.lv_ddlist_get_style  lv_ddlist.o
    0x0800e68a   0x0800e68a   0x00000034   Code   RO          942    i.lv_ddlist_get_txt_flag  lv_ddlist.o
    0x0800e6be   0x0800e6be   0x00000038   Code   RO          943    i.lv_ddlist_open    lv_ddlist.o
    0x0800e6f6   0x0800e6f6   0x0000007a   Code   RO          944    i.lv_ddlist_pos_current_option  lv_ddlist.o
    0x0800e770   0x0800e770   0x00000128   Code   RO          945    i.lv_ddlist_refr_size  lv_ddlist.o
    0x0800e898   0x0800e898   0x0000002a   Code   RO          946    i.lv_ddlist_refr_width  lv_ddlist.o
    0x0800e8c2   0x0800e8c2   0x00000002   PAD
    0x0800e8c4   0x0800e8c4   0x00000090   Code   RO          947    i.lv_ddlist_scrl_signal  lv_ddlist.o
    0x0800e954   0x0800e954   0x0000001c   Code   RO          949    i.lv_ddlist_set_draw_arrow  lv_ddlist.o
    0x0800e970   0x0800e970   0x00000028   Code   RO          950    i.lv_ddlist_set_fix_height  lv_ddlist.o
    0x0800e998   0x0800e998   0x00000092   Code   RO          951    i.lv_ddlist_set_fix_width  lv_ddlist.o
    0x0800ea2a   0x0800ea2a   0x0000009a   Code   RO          952    i.lv_ddlist_set_options  lv_ddlist.o
    0x0800eac4   0x0800eac4   0x00000046   Code   RO          953    i.lv_ddlist_set_selected  lv_ddlist.o
    0x0800eb0a   0x0800eb0a   0x0000001c   Code   RO          954    i.lv_ddlist_set_stay_open  lv_ddlist.o
    0x0800eb26   0x0800eb26   0x00000054   Code   RO          955    i.lv_ddlist_set_style  lv_ddlist.o
    0x0800eb7a   0x0800eb7a   0x00000002   PAD
    0x0800eb7c   0x0800eb7c   0x000001f8   Code   RO          956    i.lv_ddlist_signal  lv_ddlist.o
    0x0800ed74   0x0800ed74   0x00000022   Code   RO          590    i.lv_disp_buf_init  lv_hal_disp.o
    0x0800ed96   0x0800ed96   0x00000002   PAD
    0x0800ed98   0x0800ed98   0x00000048   Code   RO          591    i.lv_disp_drv_init  lv_hal_disp.o
    0x0800ede0   0x0800ede0   0x000000c8   Code   RO          592    i.lv_disp_drv_register  lv_hal_disp.o
    0x0800eea8   0x0800eea8   0x0000000e   Code   RO          594    i.lv_disp_flush_ready  lv_hal_disp.o
    0x0800eeb6   0x0800eeb6   0x0000001a   Code   RO          595    i.lv_disp_get_antialiasing  lv_hal_disp.o
    0x0800eed0   0x0800eed0   0x00000006   Code   RO          596    i.lv_disp_get_buf   lv_hal_disp.o
    0x0800eed6   0x0800eed6   0x00000002   PAD
    0x0800eed8   0x0800eed8   0x0000000c   Code   RO          597    i.lv_disp_get_default  lv_hal_disp.o
    0x0800eee4   0x0800eee4   0x00000028   Code   RO          598    i.lv_disp_get_hor_res  lv_hal_disp.o
    0x0800ef0c   0x0800ef0c   0x0000000c   Code   RO          599    i.lv_disp_get_inv_buf_size  lv_hal_disp.o
    0x0800ef18   0x0800ef18   0x00000016   Code   RO          297    i.lv_disp_get_layer_sys  lv_disp.o
    0x0800ef2e   0x0800ef2e   0x00000016   Code   RO          298    i.lv_disp_get_layer_top  lv_disp.o
    0x0800ef44   0x0800ef44   0x0000001c   Code   RO          600    i.lv_disp_get_next  lv_hal_disp.o
    0x0800ef60   0x0800ef60   0x00000016   Code   RO          300    i.lv_disp_get_scr_act  lv_disp.o
    0x0800ef76   0x0800ef76   0x00000028   Code   RO          601    i.lv_disp_get_ver_res  lv_hal_disp.o
    0x0800ef9e   0x0800ef9e   0x00000016   Code   RO          602    i.lv_disp_is_double_buf  lv_hal_disp.o
    0x0800efb4   0x0800efb4   0x00000028   Code   RO          603    i.lv_disp_is_true_double_buf  lv_hal_disp.o
    0x0800efdc   0x0800efdc   0x00000024   Code   RO          604    i.lv_disp_pop_from_inv_buf  lv_hal_disp.o
    0x0800f000   0x0800f000   0x00000160   Code   RO          465    i.lv_disp_refr_task  lv_refr.o
    0x0800f160   0x0800f160   0x00000034   Code   RO          491    i.lv_draw_aa_get_opa  lv_draw.o
    0x0800f194   0x0800f194   0x0000005c   Code   RO          492    i.lv_draw_aa_hor_seg  lv_draw.o
    0x0800f1f0   0x0800f1f0   0x0000005c   Code   RO          493    i.lv_draw_aa_ver_seg  lv_draw.o
    0x0800f24c   0x0800f24c   0x00000044   Code   RO          540    i.lv_draw_cont_radius_corr  lv_draw_rect.o
    0x0800f290   0x0800f290   0x0000009c   Code   RO          506    i.lv_draw_fill      lv_draw_basic.o
    0x0800f32c   0x0800f32c   0x00000024   Code   RO          494    i.lv_draw_free_buf  lv_draw.o
    0x0800f350   0x0800f350   0x0000005c   Code   RO          495    i.lv_draw_get_buf   lv_draw.o
    0x0800f3ac   0x0800f3ac   0x00000098   Code   RO          513    i.lv_draw_img       lv_draw_img.o
    0x0800f444   0x0800f444   0x000004e8   Code   RO          526    i.lv_draw_label     lv_draw_label.o
    0x0800f92c   0x0800f92c   0x00000368   Code   RO          507    i.lv_draw_letter    lv_draw_basic.o
    0x0800fc94   0x0800fc94   0x0000033a   Code   RO          534    i.lv_draw_line      lv_draw_line.o
    0x0800ffce   0x0800ffce   0x00000302   Code   RO          508    i.lv_draw_map       lv_draw_basic.o
    0x080102d0   0x080102d0   0x000000d6   Code   RO          509    i.lv_draw_px        lv_draw_basic.o
    0x080103a6   0x080103a6   0x00000090   Code   RO          541    i.lv_draw_rect      lv_draw_rect.o
    0x08010436   0x08010436   0x000010b0   Code   RO          542    i.lv_draw_rect_border_corner  lv_draw_rect.o
    0x080114e6   0x080114e6   0x00000472   Code   RO          543    i.lv_draw_rect_border_straight  lv_draw_rect.o
    0x08011958   0x08011958   0x00000c28   Code   RO          544    i.lv_draw_rect_main_corner  lv_draw_rect.o
    0x08012580   0x08012580   0x00000164   Code   RO          545    i.lv_draw_rect_main_mid  lv_draw_rect.o
    0x080126e4   0x080126e4   0x000000ae   Code   RO          546    i.lv_draw_shadow    lv_draw_rect.o
    0x08012792   0x08012792   0x00000272   Code   RO          547    i.lv_draw_shadow_bottom  lv_draw_rect.o
    0x08012a04   0x08012a04   0x000003e6   Code   RO          548    i.lv_draw_shadow_full  lv_draw_rect.o
    0x08012dea   0x08012dea   0x000001b2   Code   RO          549    i.lv_draw_shadow_full_straight  lv_draw_rect.o
    0x08012f9c   0x08012f9c   0x000001ba   Code   RO          552    i.lv_draw_triangle  lv_draw_triangle.o
    0x08013156   0x08013156   0x00000002   PAD
    0x08013158   0x08013158   0x0000000c   Code   RO          369    i.lv_event_get_data  lv_obj.o
    0x08013164   0x08013164   0x00000020   Code   RO          370    i.lv_event_mark_deleted  lv_obj.o
    0x08013184   0x08013184   0x00000024   Code   RO          371    i.lv_event_send     lv_obj.o
    0x080131a8   0x080131a8   0x0000009c   Code   RO          372    i.lv_event_send_func  lv_obj.o
    0x08013244   0x08013244   0x00000034   Code   RO          585    i.lv_font_get_bitmap_fmt_txt  lv_font_fmt_txt.o
    0x08013278   0x08013278   0x00000010   Code   RO          578    i.lv_font_get_glyph_bitmap  lv_font.o
    0x08013288   0x08013288   0x0000001e   Code   RO          579    i.lv_font_get_glyph_dsc  lv_font.o
    0x080132a6   0x080132a6   0x00000084   Code   RO          586    i.lv_font_get_glyph_dsc_fmt_txt  lv_font_fmt_txt.o
    0x0801332a   0x0801332a   0x00000026   Code   RO          580    i.lv_font_get_glyph_width  lv_font.o
    0x08013350   0x08013350   0x00000006   Code   RO          830    i.lv_font_get_line_height  lv_calendar.o
    0x08013356   0x08013356   0x00000006   Code   RO          957    i.lv_font_get_line_height  lv_ddlist.o
    0x0801335c   0x0801335c   0x00000006   Code   RO         1017    i.lv_font_get_line_height  lv_label.o
    0x08013362   0x08013362   0x00000006   Code   RO         1188    i.lv_font_get_line_height  lv_roller.o
    0x08013368   0x08013368   0x00000006   Code   RO         1253    i.lv_font_get_line_height  lv_ta.o
    0x0801336e   0x0801336e   0x0000006a   Code   RO          305    i.lv_group_add_obj  lv_group.o
    0x080133d8   0x080133d8   0x00000018   Code   RO          309    i.lv_group_focus_next  lv_group.o
    0x080133f0   0x080133f0   0x000000bc   Code   RO          310    i.lv_group_focus_obj  lv_group.o
    0x080134ac   0x080134ac   0x00000018   Code   RO          311    i.lv_group_focus_prev  lv_group.o
    0x080134c4   0x080134c4   0x00000012   Code   RO          312    i.lv_group_get_click_focus  lv_group.o
    0x080134d6   0x080134d6   0x00000012   Code   RO          313    i.lv_group_get_editing  lv_group.o
    0x080134e8   0x080134e8   0x00000016   Code   RO          315    i.lv_group_get_focused  lv_group.o
    0x080134fe   0x080134fe   0x00000002   PAD
    0x08013500   0x08013500   0x00000010   Code   RO          319    i.lv_group_init     lv_group.o
    0x08013510   0x08013510   0x0000003e   Code   RO          320    i.lv_group_mod_style  lv_group.o
    0x0801354e   0x0801354e   0x00000046   Code   RO          321    i.lv_group_refocus  lv_group.o
    0x08013594   0x08013594   0x00000088   Code   RO          323    i.lv_group_remove_obj  lv_group.o
    0x0801361c   0x0801361c   0x00000040   Code   RO          324    i.lv_group_report_style_mod  lv_group.o
    0x0801365c   0x0801365c   0x0000003e   Code   RO          325    i.lv_group_send_data  lv_group.o
    0x0801369a   0x0801369a   0x0000005c   Code   RO          327    i.lv_group_set_editing  lv_group.o
    0x080136f6   0x080136f6   0x00000002   PAD
    0x080136f8   0x080136f8   0x00000068   Code   RO          556    i.lv_img_cache_invalidate_src  lv_img_cache.o
    0x08013760   0x08013760   0x00000130   Code   RO          557    i.lv_img_cache_open  lv_img_cache.o
    0x08013890   0x08013890   0x00000084   Code   RO          558    i.lv_img_cache_set_size  lv_img_cache.o
    0x08013914   0x08013914   0x0000004c   Code   RO          519    i.lv_img_color_format_get_px_size  lv_draw_img.o
    0x08013960   0x08013960   0x00000038   Code   RO          520    i.lv_img_color_format_has_alpha  lv_draw_img.o
    0x08013998   0x08013998   0x0000002c   Code   RO          521    i.lv_img_color_format_is_chroma_keyed  lv_draw_img.o
    0x080139c4   0x080139c4   0x00000100   Code   RO          978    i.lv_img_create     lv_img.o
    0x08013ac4   0x08013ac4   0x00000020   Code   RO          560    i.lv_img_decoder_built_in_close  lv_img_decoder.o
    0x08013ae4   0x08013ae4   0x0000007a   Code   RO          561    i.lv_img_decoder_built_in_info  lv_img_decoder.o
    0x08013b5e   0x08013b5e   0x00000002   PAD
    0x08013b60   0x08013b60   0x000001c4   Code   RO          562    i.lv_img_decoder_built_in_line_alpha  lv_img_decoder.o
    0x08013d24   0x08013d24   0x00000160   Code   RO          563    i.lv_img_decoder_built_in_line_indexed  lv_img_decoder.o
    0x08013e84   0x08013e84   0x0000000a   Code   RO          564    i.lv_img_decoder_built_in_line_true_color  lv_img_decoder.o
    0x08013e8e   0x08013e8e   0x00000126   Code   RO          565    i.lv_img_decoder_built_in_open  lv_img_decoder.o
    0x08013fb4   0x08013fb4   0x000000c8   Code   RO          566    i.lv_img_decoder_built_in_read_line  lv_img_decoder.o
    0x0801407c   0x0801407c   0x00000018   Code   RO          567    i.lv_img_decoder_close  lv_img_decoder.o
    0x08014094   0x08014094   0x00000028   Code   RO          568    i.lv_img_decoder_create  lv_img_decoder.o
    0x080140bc   0x080140bc   0x00000050   Code   RO          570    i.lv_img_decoder_get_info  lv_img_decoder.o
    0x0801410c   0x0801410c   0x00000054   Code   RO          571    i.lv_img_decoder_init  lv_img_decoder.o
    0x08014160   0x08014160   0x00000084   Code   RO          572    i.lv_img_decoder_open  lv_img_decoder.o
    0x080141e4   0x080141e4   0x00000034   Code   RO          573    i.lv_img_decoder_read_line  lv_img_decoder.o
    0x08014218   0x08014218   0x00000004   Code   RO          574    i.lv_img_decoder_set_close_cb  lv_img_decoder.o
    0x0801421c   0x0801421c   0x00000004   Code   RO          575    i.lv_img_decoder_set_info_cb  lv_img_decoder.o
    0x08014220   0x08014220   0x00000004   Code   RO          576    i.lv_img_decoder_set_open_cb  lv_img_decoder.o
    0x08014224   0x08014224   0x00000004   Code   RO          577    i.lv_img_decoder_set_read_line_cb  lv_img_decoder.o
    0x08014228   0x08014228   0x0000019c   Code   RO          979    i.lv_img_design     lv_img.o
    0x080143c4   0x080143c4   0x00000184   Code   RO          522    i.lv_img_draw_core  lv_draw_img.o
    0x08014548   0x08014548   0x00000014   Code   RO          980    i.lv_img_get_auto_size  lv_img.o
    0x0801455c   0x0801455c   0x00000010   Code   RO          984    i.lv_img_get_src    lv_img.o
    0x0801456c   0x0801456c   0x0000014a   Code   RO          988    i.lv_img_set_src    lv_img.o
    0x080146b6   0x080146b6   0x00000002   PAD
    0x080146b8   0x080146b8   0x000000a4   Code   RO          989    i.lv_img_signal     lv_img.o
    0x0801475c   0x0801475c   0x0000002a   Code   RO          523    i.lv_img_src_get_type  lv_draw_img.o
    0x08014786   0x08014786   0x00000024   Code   RO          609    i.lv_indev_drv_init  lv_hal_indev.o
    0x080147aa   0x080147aa   0x00000002   PAD
    0x080147ac   0x080147ac   0x0000006c   Code   RO          610    i.lv_indev_drv_register  lv_hal_indev.o
    0x08014818   0x08014818   0x0000000c   Code   RO          350    i.lv_indev_get_act  lv_indev.o
    0x08014824   0x08014824   0x0000001c   Code   RO          612    i.lv_indev_get_next  lv_hal_indev.o
    0x08014840   0x08014840   0x0000000c   Code   RO          352    i.lv_indev_get_obj_act  lv_indev.o
    0x0801484c   0x0801484c   0x00000020   Code   RO          353    i.lv_indev_get_point  lv_indev.o
    0x0801486c   0x0801486c   0x0000000c   Code   RO          355    i.lv_indev_get_type  lv_indev.o
    0x08014878   0x08014878   0x0000002a   Code   RO          356    i.lv_indev_get_vect  lv_indev.o
    0x080148a2   0x080148a2   0x0000000a   Code   RO          357    i.lv_indev_init     lv_indev.o
    0x080148ac   0x080148ac   0x00000022   Code   RO          358    i.lv_indev_is_dragging  lv_indev.o
    0x080148ce   0x080148ce   0x0000003e   Code   RO          613    i.lv_indev_read     lv_hal_indev.o
    0x0801490c   0x0801490c   0x00000104   Code   RO          359    i.lv_indev_read_task  lv_indev.o
    0x08014a10   0x08014a10   0x0000003e   Code   RO          360    i.lv_indev_reset    lv_indev.o
    0x08014a4e   0x08014a4e   0x0000001e   Code   RO          361    i.lv_indev_reset_long_press  lv_indev.o
    0x08014a6c   0x08014a6c   0x00000058   Code   RO          373    i.lv_init           lv_obj.o
    0x08014ac4   0x08014ac4   0x000000de   Code   RO          466    i.lv_inv_area       lv_refr.o
    0x08014ba2   0x08014ba2   0x00000002   PAD
    0x08014ba4   0x08014ba4   0x0000014c   Code   RO         1001    i.lv_kb_create      lv_kb.o
    0x08014cf0   0x08014cf0   0x00000250   Code   RO         1002    i.lv_kb_def_event_cb  lv_kb.o
    0x08014f40   0x08014f40   0x00000056   Code   RO         1007    i.lv_kb_set_cursor_manage  lv_kb.o
    0x08014f96   0x08014f96   0x00000002   PAD
    0x08014f98   0x08014f98   0x00000058   Code   RO         1008    i.lv_kb_set_mode    lv_kb.o
    0x08014ff0   0x08014ff0   0x00000062   Code   RO         1009    i.lv_kb_set_style   lv_kb.o
    0x08015052   0x08015052   0x00000056   Code   RO         1010    i.lv_kb_set_ta      lv_kb.o
    0x080150a8   0x080150a8   0x000000bc   Code   RO         1011    i.lv_kb_signal      lv_kb.o
    0x08015164   0x08015164   0x000001d4   Code   RO         1018    i.lv_label_create   lv_label.o
    0x08015338   0x08015338   0x00000260   Code   RO         1020    i.lv_label_design   lv_label.o
    0x08015598   0x08015598   0x0000002c   Code   RO         1021    i.lv_label_dot_tmp_free  lv_label.o
    0x080155c4   0x080155c4   0x00000014   Code   RO         1022    i.lv_label_get_align  lv_label.o
    0x080155d8   0x080155d8   0x00000014   Code   RO         1024    i.lv_label_get_body_draw  lv_label.o
    0x080155ec   0x080155ec   0x0000001c   Code   RO         1025    i.lv_label_get_dot_tmp  lv_label.o
    0x08015608   0x08015608   0x00000194   Code   RO         1026    i.lv_label_get_letter_on  lv_label.o
    0x0801579c   0x0801579c   0x0000019c   Code   RO         1027    i.lv_label_get_letter_pos  lv_label.o
    0x08015938   0x08015938   0x00000014   Code   RO         1028    i.lv_label_get_long_mode  lv_label.o
    0x0801594c   0x0801594c   0x00000014   Code   RO         1029    i.lv_label_get_recolor  lv_label.o
    0x08015960   0x08015960   0x00000010   Code   RO         1030    i.lv_label_get_text  lv_label.o
    0x08015970   0x08015970   0x00000008   Code   RO         1031    i.lv_label_get_text_sel_end  lv_label.o
    0x08015978   0x08015978   0x00000008   Code   RO         1032    i.lv_label_get_text_sel_start  lv_label.o
    0x08015980   0x08015980   0x0000007c   Code   RO         1033    i.lv_label_ins_text  lv_label.o
    0x080159fc   0x080159fc   0x000003f0   Code   RO         1035    i.lv_label_refr_text  lv_label.o
    0x08015dec   0x08015dec   0x00000078   Code   RO         1036    i.lv_label_revert_dots  lv_label.o
    0x08015e64   0x08015e64   0x0000002c   Code   RO         1037    i.lv_label_set_align  lv_label.o
    0x08015e90   0x08015e90   0x00000032   Code   RO         1040    i.lv_label_set_body_draw  lv_label.o
    0x08015ec2   0x08015ec2   0x00000060   Code   RO         1041    i.lv_label_set_dot_tmp  lv_label.o
    0x08015f22   0x08015f22   0x00000002   PAD
    0x08015f24   0x08015f24   0x00000090   Code   RO         1042    i.lv_label_set_long_mode  lv_label.o
    0x08015fb4   0x08015fb4   0x00000018   Code   RO         1043    i.lv_label_set_offset_x  lv_label.o
    0x08015fcc   0x08015fcc   0x00000018   Code   RO         1044    i.lv_label_set_offset_y  lv_label.o
    0x08015fe4   0x08015fe4   0x0000002c   Code   RO         1045    i.lv_label_set_recolor  lv_label.o
    0x08016010   0x08016010   0x0000003a   Code   RO         1046    i.lv_label_set_static_text  lv_label.o
    0x0801604a   0x0801604a   0x00000098   Code   RO         1047    i.lv_label_set_text  lv_label.o
    0x080160e2   0x080160e2   0x00000002   PAD
    0x080160e4   0x080160e4   0x00000148   Code   RO         1050    i.lv_label_signal   lv_label.o
    0x0801622c   0x0801622c   0x000000e8   Code   RO         1063    i.lv_line_create    lv_line.o
    0x08016314   0x08016314   0x0000021a   Code   RO         1064    i.lv_line_design    lv_line.o
    0x0801652e   0x0801652e   0x00000014   Code   RO         1065    i.lv_line_get_auto_size  lv_line.o
    0x08016542   0x08016542   0x0000000e   Code   RO         1066    i.lv_line_get_style  lv_line.o
    0x08016550   0x08016550   0x00000014   Code   RO         1067    i.lv_line_get_y_invert  lv_line.o
    0x08016564   0x08016564   0x00000032   Code   RO         1068    i.lv_line_set_auto_size  lv_line.o
    0x08016596   0x08016596   0x00000002   PAD
    0x08016598   0x08016598   0x00000090   Code   RO         1069    i.lv_line_set_points  lv_line.o
    0x08016628   0x08016628   0x0000002c   Code   RO         1070    i.lv_line_set_y_invert  lv_line.o
    0x08016654   0x08016654   0x00000078   Code   RO         1071    i.lv_line_signal    lv_line.o
    0x080166cc   0x080166cc   0x0000016c   Code   RO         1074    i.lv_list_add_btn   lv_list.o
    0x08016838   0x08016838   0x00000134   Code   RO         1075    i.lv_list_btn_signal  lv_list.o
    0x0801696c   0x0801696c   0x00000048   Code   RO         1076    i.lv_list_btn_single_select  lv_list.o
    0x080169b4   0x080169b4   0x00000204   Code   RO         1078    i.lv_list_create    lv_list.o
    0x08016bb8   0x08016bb8   0x0000000c   Code   RO         1081    i.lv_list_get_anim_time  lv_list.o
    0x08016bc4   0x08016bc4   0x00000034   Code   RO         1082    i.lv_list_get_btn_img  lv_list.o
    0x08016bf8   0x08016bf8   0x00000034   Code   RO         1084    i.lv_list_get_btn_label  lv_list.o
    0x08016c2c   0x08016c2c   0x00000010   Code   RO         1085    i.lv_list_get_btn_selected  lv_list.o
    0x08016c3c   0x08016c3c   0x00000020   Code   RO         1086    i.lv_list_get_btn_text  lv_list.o
    0x08016c5c   0x08016c5c   0x00000042   Code   RO         1087    i.lv_list_get_next_btn  lv_list.o
    0x08016c9e   0x08016c9e   0x00000042   Code   RO         1088    i.lv_list_get_prev_btn  lv_list.o
    0x08016ce0   0x08016ce0   0x00000048   Code   RO         1092    i.lv_list_is_list_btn  lv_list.o
    0x08016d28   0x08016d28   0x00000048   Code   RO         1093    i.lv_list_is_list_img  lv_list.o
    0x08016d70   0x08016d70   0x0000004c   Code   RO         1094    i.lv_list_is_list_label  lv_list.o
    0x08016dbc   0x08016dbc   0x0000007c   Code   RO         1096    i.lv_list_set_btn_selected  lv_list.o
    0x08016e38   0x08016e38   0x000000c4   Code   RO         1098    i.lv_list_set_style  lv_list.o
    0x08016efc   0x08016efc   0x000002c4   Code   RO         1099    i.lv_list_signal    lv_list.o
    0x080171c0   0x080171c0   0x00000070   Code   RO          654    i.lv_ll_chg_list    lv_ll.o
    0x08017230   0x08017230   0x00000030   Code   RO          655    i.lv_ll_clear       lv_ll.o
    0x08017260   0x08017260   0x0000000a   Code   RO          656    i.lv_ll_get_head    lv_ll.o
    0x0801726a   0x0801726a   0x00000016   Code   RO          658    i.lv_ll_get_next    lv_ll.o
    0x08017280   0x08017280   0x00000014   Code   RO          659    i.lv_ll_get_prev    lv_ll.o
    0x08017294   0x08017294   0x0000000a   Code   RO          660    i.lv_ll_get_tail    lv_ll.o
    0x0801729e   0x0801729e   0x00000016   Code   RO          661    i.lv_ll_init        lv_ll.o
    0x080172b4   0x080172b4   0x00000040   Code   RO          662    i.lv_ll_ins_head    lv_ll.o
    0x080172f4   0x080172f4   0x00000072   Code   RO          663    i.lv_ll_ins_prev    lv_ll.o
    0x08017366   0x08017366   0x00000046   Code   RO          664    i.lv_ll_ins_tail    lv_ll.o
    0x080173ac   0x080173ac   0x00000018   Code   RO          665    i.lv_ll_is_empty    lv_ll.o
    0x080173c4   0x080173c4   0x0000006a   Code   RO          666    i.lv_ll_move_before  lv_ll.o
    0x0801742e   0x0801742e   0x0000008a   Code   RO          667    i.lv_ll_rem         lv_ll.o
    0x080174b8   0x080174b8   0x00000084   Code   RO         1116    i.lv_mbox_add_btns  lv_mbox.o
    0x0801753c   0x0801753c   0x00000046   Code   RO         1117    i.lv_mbox_btnm_event_cb  lv_mbox.o
    0x08017582   0x08017582   0x0000000c   Code   RO         1118    i.lv_mbox_close_ready_cb  lv_mbox.o
    0x0801758e   0x0801758e   0x00000002   PAD
    0x08017590   0x08017590   0x00000128   Code   RO         1119    i.lv_mbox_create    lv_mbox.o
    0x080176b8   0x080176b8   0x0000002a   Code   RO         1120    i.lv_mbox_default_event_cb  lv_mbox.o
    0x080176e2   0x080176e2   0x0000001e   Code   RO         1121    i.lv_mbox_get_active_btn  lv_mbox.o
    0x08017700   0x08017700   0x00000010   Code   RO         1123    i.lv_mbox_get_anim_time  lv_mbox.o
    0x08017710   0x08017710   0x00000080   Code   RO         1126    i.lv_mbox_get_style  lv_mbox.o
    0x08017790   0x08017790   0x00000080   Code   RO         1130    i.lv_mbox_set_style  lv_mbox.o
    0x08017810   0x08017810   0x0000001e   Code   RO         1131    i.lv_mbox_set_text  lv_mbox.o
    0x0801782e   0x0801782e   0x00000002   PAD
    0x08017830   0x08017830   0x00000138   Code   RO         1132    i.lv_mbox_signal    lv_mbox.o
    0x08017968   0x08017968   0x000000f8   Code   RO         1133    i.lv_mbox_start_auto_close  lv_mbox.o
    0x08017a60   0x08017a60   0x0000004c   Code   RO          677    i.lv_mem_alloc      lv_mem.o
    0x08017aac   0x08017aac   0x00000074   Code   RO          679    i.lv_mem_free       lv_mem.o
    0x08017b20   0x08017b20   0x00000020   Code   RO          680    i.lv_mem_get_size   lv_mem.o
    0x08017b40   0x08017b40   0x00000028   Code   RO          681    i.lv_mem_init       lv_mem.o
    0x08017b68   0x08017b68   0x0000006c   Code   RO          683    i.lv_mem_realloc    lv_mem.o
    0x08017bd4   0x08017bd4   0x000003b2   Code   RO          374    i.lv_obj_align      lv_obj.o
    0x08017f86   0x08017f86   0x000002f8   Code   RO          375    i.lv_obj_align_origo  lv_obj.o
    0x0801827e   0x0801827e   0x00000014   Code   RO          376    i.lv_obj_allocate_ext_attr  lv_obj.o
    0x08018292   0x08018292   0x00000010   Code   RO          378    i.lv_obj_clear_protect  lv_obj.o
    0x080182a2   0x080182a2   0x00000002   PAD
    0x080182a4   0x080182a4   0x000002f4   Code   RO          381    i.lv_obj_create     lv_obj.o
    0x08018598   0x08018598   0x000000f0   Code   RO          382    i.lv_obj_del        lv_obj.o
    0x08018688   0x08018688   0x000000c6   Code   RO          385    i.lv_obj_design     lv_obj.o
    0x0801874e   0x0801874e   0x0000000c   Code   RO          386    i.lv_obj_get_auto_realign  lv_obj.o
    0x0801875a   0x0801875a   0x00000022   Code   RO          387    i.lv_obj_get_child  lv_obj.o
    0x0801877c   0x0801877c   0x00000022   Code   RO          388    i.lv_obj_get_child_back  lv_obj.o
    0x0801879e   0x0801879e   0x0000000c   Code   RO          389    i.lv_obj_get_click  lv_obj.o
    0x080187aa   0x080187aa   0x00000012   Code   RO          390    i.lv_obj_get_coords  lv_obj.o
    0x080187bc   0x080187bc   0x00000006   Code   RO          391    i.lv_obj_get_design_cb  lv_obj.o
    0x080187c2   0x080187c2   0x00000002   PAD
    0x080187c4   0x080187c4   0x0000005c   Code   RO          392    i.lv_obj_get_disp   lv_obj.o
    0x08018820   0x08018820   0x0000000c   Code   RO          393    i.lv_obj_get_drag   lv_obj.o
    0x0801882c   0x0801882c   0x0000000c   Code   RO          394    i.lv_obj_get_drag_dir  lv_obj.o
    0x08018838   0x08018838   0x0000000c   Code   RO          395    i.lv_obj_get_drag_parent  lv_obj.o
    0x08018844   0x08018844   0x0000000c   Code   RO          396    i.lv_obj_get_drag_throw  lv_obj.o
    0x08018850   0x08018850   0x00000006   Code   RO          397    i.lv_obj_get_event_cb  lv_obj.o
    0x08018856   0x08018856   0x00000006   Code   RO          398    i.lv_obj_get_ext_attr  lv_obj.o
    0x0801885c   0x0801885c   0x00000006   Code   RO          404    i.lv_obj_get_group  lv_obj.o
    0x08018862   0x08018862   0x00000010   Code   RO          405    i.lv_obj_get_height  lv_obj.o
    0x08018872   0x08018872   0x0000001e   Code   RO          406    i.lv_obj_get_height_fit  lv_obj.o
    0x08018890   0x08018890   0x0000000c   Code   RO          407    i.lv_obj_get_hidden  lv_obj.o
    0x0801889c   0x0801889c   0x00000058   Code   RO          408    i.lv_obj_get_inner_coords  lv_obj.o
    0x080188f4   0x080188f4   0x00000028   Code   RO          409    i.lv_obj_get_opa_scale  lv_obj.o
    0x0801891c   0x0801891c   0x00000006   Code   RO          411    i.lv_obj_get_parent  lv_obj.o
    0x08018922   0x08018922   0x0000001a   Code   RO          414    i.lv_obj_get_screen  lv_obj.o
    0x0801893c   0x0801893c   0x00000006   Code   RO          415    i.lv_obj_get_signal_cb  lv_obj.o
    0x08018942   0x08018942   0x00000002   PAD
    0x08018944   0x08018944   0x00000070   Code   RO          416    i.lv_obj_get_style  lv_obj.o
    0x080189b4   0x080189b4   0x00000058   Code   RO          418    i.lv_obj_get_type   lv_obj.o
    0x08018a0c   0x08018a0c   0x00000010   Code   RO          419    i.lv_obj_get_width  lv_obj.o
    0x08018a1c   0x08018a1c   0x00000020   Code   RO          420    i.lv_obj_get_width_fit  lv_obj.o
    0x08018a3c   0x08018a3c   0x00000018   Code   RO          421    i.lv_obj_get_x      lv_obj.o
    0x08018a54   0x08018a54   0x00000018   Code   RO          422    i.lv_obj_get_y      lv_obj.o
    0x08018a6c   0x08018a6c   0x000000ce   Code   RO          423    i.lv_obj_invalidate  lv_obj.o
    0x08018b3a   0x08018b3a   0x0000001a   Code   RO          424    i.lv_obj_is_focused  lv_obj.o
    0x08018b54   0x08018b54   0x00000012   Code   RO          425    i.lv_obj_is_protected  lv_obj.o
    0x08018b66   0x08018b66   0x0000003e   Code   RO          427    i.lv_obj_move_foreground  lv_obj.o
    0x08018ba4   0x08018ba4   0x0000003e   Code   RO          428    i.lv_obj_realign    lv_obj.o
    0x08018be2   0x08018be2   0x0000001a   Code   RO          429    i.lv_obj_refresh_ext_draw_pad  lv_obj.o
    0x08018bfc   0x08018bfc   0x0000001c   Code   RO          430    i.lv_obj_refresh_style  lv_obj.o
    0x08018c18   0x08018c18   0x00000050   Code   RO          431    i.lv_obj_report_style_mod  lv_obj.o
    0x08018c68   0x08018c68   0x00000012   Code   RO          433    i.lv_obj_set_click  lv_obj.o
    0x08018c7a   0x08018c7a   0x00000004   Code   RO          434    i.lv_obj_set_design_cb  lv_obj.o
    0x08018c7e   0x08018c7e   0x00000022   Code   RO          435    i.lv_obj_set_drag   lv_obj.o
    0x08018ca0   0x08018ca0   0x00000012   Code   RO          437    i.lv_obj_set_drag_parent  lv_obj.o
    0x08018cb2   0x08018cb2   0x00000012   Code   RO          438    i.lv_obj_set_drag_throw  lv_obj.o
    0x08018cc4   0x08018cc4   0x00000004   Code   RO          439    i.lv_obj_set_event_cb  lv_obj.o
    0x08018cc8   0x08018cc8   0x0000001a   Code   RO          441    i.lv_obj_set_height  lv_obj.o
    0x08018ce2   0x08018ce2   0x00000044   Code   RO          442    i.lv_obj_set_hidden  lv_obj.o
    0x08018d26   0x08018d26   0x00000068   Code   RO          445    i.lv_obj_set_parent  lv_obj.o
    0x08018d8e   0x08018d8e   0x000000a2   Code   RO          447    i.lv_obj_set_pos    lv_obj.o
    0x08018e30   0x08018e30   0x0000000c   Code   RO          448    i.lv_obj_set_protect  lv_obj.o
    0x08018e3c   0x08018e3c   0x00000004   Code   RO          449    i.lv_obj_set_signal_cb  lv_obj.o
    0x08018e40   0x08018e40   0x0000009e   Code   RO          450    i.lv_obj_set_size   lv_obj.o
    0x08018ede   0x08018ede   0x00000016   Code   RO          451    i.lv_obj_set_style  lv_obj.o
    0x08018ef4   0x08018ef4   0x0000001a   Code   RO          453    i.lv_obj_set_width  lv_obj.o
    0x08018f0e   0x08018f0e   0x0000001a   Code   RO          454    i.lv_obj_set_x      lv_obj.o
    0x08018f28   0x08018f28   0x0000001a   Code   RO          455    i.lv_obj_set_y      lv_obj.o
    0x08018f42   0x08018f42   0x00000002   PAD
    0x08018f44   0x08018f44   0x00000068   Code   RO          456    i.lv_obj_signal     lv_obj.o
    0x08018fac   0x08018fac   0x00000258   Code   RO         1143    i.lv_page_create    lv_page.o
    0x08019204   0x08019204   0x000002d0   Code   RO         1144    i.lv_page_design    lv_page.o
    0x080194d4   0x080194d4   0x0000021c   Code   RO         1145    i.lv_page_focus     lv_page.o
    0x080196f0   0x080196f0   0x00000010   Code   RO         1146    i.lv_page_get_anim_time  lv_page.o
    0x08019700   0x08019700   0x00000016   Code   RO         1147    i.lv_page_get_edge_flash  lv_page.o
    0x08019716   0x08019716   0x00000034   Code   RO         1149    i.lv_page_get_fit_width  lv_page.o
    0x0801974a   0x0801974a   0x00000010   Code   RO         1151    i.lv_page_get_scrl  lv_page.o
    0x0801975a   0x0801975a   0x00000012   Code   RO          958    i.lv_page_get_scrl_fit_bottom  lv_ddlist.o
    0x0801976c   0x0801976c   0x00000012   Code   RO         1152    i.lv_page_get_scrl_width  lv_page.o
    0x0801977e   0x0801977e   0x0000004a   Code   RO         1154    i.lv_page_get_style  lv_page.o
    0x080197c8   0x080197c8   0x00000018   Code   RO         1155    i.lv_page_glue_obj  lv_page.o
    0x080197e0   0x080197e0   0x000000a0   Code   RO         1156    i.lv_page_on_edge   lv_page.o
    0x08019880   0x08019880   0x00000410   Code   RO         1157    i.lv_page_sb_refresh  lv_page.o
    0x08019c90   0x08019c90   0x0000006c   Code   RO         1158    i.lv_page_scroll_hor  lv_page.o
    0x08019cfc   0x08019cfc   0x0000006c   Code   RO         1159    i.lv_page_scroll_ver  lv_page.o
    0x08019d68   0x08019d68   0x00000506   Code   RO         1160    i.lv_page_scrollable_signal  lv_page.o
    0x0801a26e   0x0801a26e   0x00000012   Code   RO         1161    i.lv_page_set_anim_time  lv_page.o
    0x0801a280   0x0801a280   0x0000001c   Code   RO         1162    i.lv_page_set_edge_flash  lv_page.o
    0x0801a29c   0x0801a29c   0x0000007c   Code   RO         1163    i.lv_page_set_sb_mode  lv_page.o
    0x0801a318   0x0801a318   0x0000001e   Code   RO          959    i.lv_page_set_scrl_fit2  lv_ddlist.o
    0x0801a336   0x0801a336   0x00000022   Code   RO         1254    i.lv_page_set_scrl_fit2  lv_ta.o
    0x0801a358   0x0801a358   0x00000072   Code   RO         1165    i.lv_page_set_style  lv_page.o
    0x0801a3ca   0x0801a3ca   0x00000002   PAD
    0x0801a3cc   0x0801a3cc   0x000002ec   Code   RO         1166    i.lv_page_signal    lv_page.o
    0x0801a6b8   0x0801a6b8   0x0000007c   Code   RO         1167    i.lv_page_start_edge_flash  lv_page.o
    0x0801a734   0x0801a734   0x00000054   Code   RO         1440    i.lv_port_disp_init  lv_port_disp.o
    0x0801a788   0x0801a788   0x00000024   Code   RO         1442    i.lv_port_indev_init  lv_port_indev.o
    0x0801a7ac   0x0801a7ac   0x00000158   Code   RO          467    i.lv_refr_area      lv_refr.o
    0x0801a904   0x0801a904   0x00000084   Code   RO          468    i.lv_refr_area_part  lv_refr.o
    0x0801a988   0x0801a988   0x00000064   Code   RO          469    i.lv_refr_areas     lv_refr.o
    0x0801a9ec   0x0801a9ec   0x0000000c   Code   RO          470    i.lv_refr_get_disp_refreshing  lv_refr.o
    0x0801a9f8   0x0801a9f8   0x0000007e   Code   RO          471    i.lv_refr_get_top_obj  lv_refr.o
    0x0801aa76   0x0801aa76   0x00000002   Code   RO          472    i.lv_refr_init      lv_refr.o
    0x0801aa78   0x0801aa78   0x000000dc   Code   RO          473    i.lv_refr_join_area  lv_refr.o
    0x0801ab54   0x0801ab54   0x00000100   Code   RO          475    i.lv_refr_obj       lv_refr.o
    0x0801ac54   0x0801ac54   0x0000006c   Code   RO          476    i.lv_refr_obj_and_children  lv_refr.o
    0x0801acc0   0x0801acc0   0x00000064   Code   RO          478    i.lv_refr_vdb_flush  lv_refr.o
    0x0801ad24   0x0801ad24   0x00000160   Code   RO         1189    i.lv_roller_create  lv_roller.o
    0x0801ae84   0x0801ae84   0x000001f8   Code   RO         1190    i.lv_roller_design  lv_roller.o
    0x0801b07c   0x0801b07c   0x0000003a   Code   RO         1193    i.lv_roller_get_selected  lv_roller.o
    0x0801b0b6   0x0801b0b6   0x00000024   Code   RO         1194    i.lv_roller_get_style  lv_roller.o
    0x0801b0da   0x0801b0da   0x00000002   PAD
    0x0801b0dc   0x0801b0dc   0x00000130   Code   RO         1195    i.lv_roller_scrl_signal  lv_roller.o
    0x0801b20c   0x0801b20c   0x000000a4   Code   RO         1197    i.lv_roller_set_options  lv_roller.o
    0x0801b2b0   0x0801b2b0   0x00000028   Code   RO         1198    i.lv_roller_set_selected  lv_roller.o
    0x0801b2d8   0x0801b2d8   0x0000002a   Code   RO         1199    i.lv_roller_set_style  lv_roller.o
    0x0801b302   0x0801b302   0x00000046   Code   RO         1200    i.lv_roller_set_visible_row_count  lv_roller.o
    0x0801b348   0x0801b348   0x0000019c   Code   RO         1201    i.lv_roller_signal  lv_roller.o
    0x0801b4e4   0x0801b4e4   0x0000000e   Code   RO         1448    i.lv_scr_act        gui_app.o
    0x0801b4f2   0x0801b4f2   0x0000000e   Code   RO         1466    i.lv_scr_act        main_win.o
    0x0801b500   0x0801b500   0x000000a8   Code   RO         1168    i.lv_scrl_design    lv_page.o
    0x0801b5a8   0x0801b5a8   0x000000f0   Code   RO         1209    i.lv_slider_create  lv_slider.o
    0x0801b698   0x0801b698   0x00000532   Code   RO         1210    i.lv_slider_design  lv_slider.o
    0x0801bbca   0x0801bbca   0x00000046   Code   RO         1212    i.lv_slider_get_style  lv_slider.o
    0x0801bc10   0x0801bc10   0x00000024   Code   RO         1213    i.lv_slider_get_value  lv_slider.o
    0x0801bc34   0x0801bc34   0x00000026   Code   RO         1215    i.lv_slider_set_knob_in  lv_slider.o
    0x0801bc5a   0x0801bc5a   0x00000046   Code   RO         1216    i.lv_slider_set_style  lv_slider.o
    0x0801bca0   0x0801bca0   0x00000014   Code   RO         1217    i.lv_slider_set_value  lv_slider.o
    0x0801bcb4   0x0801bcb4   0x00000014   Code   RO         1235    i.lv_slider_set_value  lv_sw.o
    0x0801bcc8   0x0801bcc8   0x00000370   Code   RO         1218    i.lv_slider_signal  lv_slider.o
    0x0801c038   0x0801c038   0x00000012   Code   RO          484    i.lv_style_copy     lv_style.o
    0x0801c04a   0x0801c04a   0x00000002   PAD
    0x0801c04c   0x0801c04c   0x00000558   Code   RO          485    i.lv_style_init     lv_style.o
    0x0801c5a4   0x0801c5a4   0x0000010c   Code   RO         1236    i.lv_sw_create      lv_sw.o
    0x0801c6b0   0x0801c6b0   0x00000016   Code   RO         1238    i.lv_sw_get_state   lv_sw.o
    0x0801c6c6   0x0801c6c6   0x00000024   Code   RO         1240    i.lv_sw_off         lv_sw.o
    0x0801c6ea   0x0801c6ea   0x00000024   Code   RO         1241    i.lv_sw_on          lv_sw.o
    0x0801c70e   0x0801c70e   0x0000006c   Code   RO         1243    i.lv_sw_set_style   lv_sw.o
    0x0801c77a   0x0801c77a   0x00000002   PAD
    0x0801c77c   0x0801c77c   0x00000294   Code   RO         1244    i.lv_sw_signal      lv_sw.o
    0x0801ca10   0x0801ca10   0x00000180   Code   RO         1255    i.lv_ta_add_char    lv_ta.o
    0x0801cb90   0x0801cb90   0x000001a8   Code   RO         1256    i.lv_ta_add_text    lv_ta.o
    0x0801cd38   0x0801cd38   0x00000002   Code   RO         1257    i.lv_ta_clear_selection  lv_ta.o
    0x0801cd3a   0x0801cd3a   0x00000002   PAD
    0x0801cd3c   0x0801cd3c   0x00000310   Code   RO         1258    i.lv_ta_create      lv_ta.o
    0x0801d04c   0x0801d04c   0x0000007c   Code   RO         1259    i.lv_ta_cursor_down  lv_ta.o
    0x0801d0c8   0x0801d0c8   0x0000001e   Code   RO         1260    i.lv_ta_cursor_left  lv_ta.o
    0x0801d0e6   0x0801d0e6   0x0000001a   Code   RO         1261    i.lv_ta_cursor_right  lv_ta.o
    0x0801d100   0x0801d100   0x0000006c   Code   RO         1262    i.lv_ta_cursor_up   lv_ta.o
    0x0801d16c   0x0801d16c   0x00000120   Code   RO         1263    i.lv_ta_del_char    lv_ta.o
    0x0801d28c   0x0801d28c   0x00000028   Code   RO         1264    i.lv_ta_del_char_forward  lv_ta.o
    0x0801d2b4   0x0801d2b4   0x00000044   Code   RO         1265    i.lv_ta_design      lv_ta.o
    0x0801d2f8   0x0801d2f8   0x00000010   Code   RO         1266    i.lv_ta_get_accepted_chars  lv_ta.o
    0x0801d308   0x0801d308   0x00000012   Code   RO         1269    i.lv_ta_get_cursor_pos  lv_ta.o
    0x0801d31a   0x0801d31a   0x00000016   Code   RO         1270    i.lv_ta_get_cursor_type  lv_ta.o
    0x0801d330   0x0801d330   0x0000000c   Code   RO         1271    i.lv_ta_get_edge_flash  lv_ta.o
    0x0801d33c   0x0801d33c   0x00000012   Code   RO         1273    i.lv_ta_get_max_length  lv_ta.o
    0x0801d34e   0x0801d34e   0x0000006a   Code   RO         1278    i.lv_ta_get_style   lv_ta.o
    0x0801d3b8   0x0801d3b8   0x00000026   Code   RO         1279    i.lv_ta_get_text    lv_ta.o
    0x0801d3de   0x0801d3de   0x00000002   PAD
    0x0801d3e0   0x0801d3e0   0x000001c0   Code   RO         1281    i.lv_ta_scrollable_design  lv_ta.o
    0x0801d5a0   0x0801d5a0   0x000000f0   Code   RO         1282    i.lv_ta_scrollable_signal  lv_ta.o
    0x0801d690   0x0801d690   0x000001bc   Code   RO         1286    i.lv_ta_set_cursor_pos  lv_ta.o
    0x0801d84c   0x0801d84c   0x00000032   Code   RO         1287    i.lv_ta_set_cursor_type  lv_ta.o
    0x0801d87e   0x0801d87e   0x00000010   Code   RO         1288    i.lv_ta_set_edge_flash  lv_ta.o
    0x0801d88e   0x0801d88e   0x00000108   Code   RO         1291    i.lv_ta_set_one_line  lv_ta.o
    0x0801d996   0x0801d996   0x00000048   Code   RO         1292    i.lv_ta_set_placeholder_text  lv_ta.o
    0x0801d9de   0x0801d9de   0x00000002   PAD
    0x0801d9e0   0x0801d9e0   0x000000d0   Code   RO         1293    i.lv_ta_set_pwd_mode  lv_ta.o
    0x0801dab0   0x0801dab0   0x00000074   Code   RO         1295    i.lv_ta_set_style   lv_ta.o
    0x0801db24   0x0801db24   0x00000158   Code   RO         1296    i.lv_ta_set_text    lv_ta.o
    0x0801dc7c   0x0801dc7c   0x000002f8   Code   RO         1299    i.lv_ta_signal      lv_ta.o
    0x0801df74   0x0801df74   0x00000294   Code   RO         1334    i.lv_tabview_add_tab  lv_tabview.o
    0x0801e208   0x0801e208   0x00000300   Code   RO         1336    i.lv_tabview_create  lv_tabview.o
    0x0801e508   0x0801e508   0x00000010   Code   RO         1337    i.lv_tabview_get_anim_time  lv_tabview.o
    0x0801e518   0x0801e518   0x00000014   Code   RO         1340    i.lv_tabview_get_sliding  lv_tabview.o
    0x0801e52c   0x0801e52c   0x00000074   Code   RO         1341    i.lv_tabview_get_style  lv_tabview.o
    0x0801e5a0   0x0801e5a0   0x00000040   Code   RO         1342    i.lv_tabview_get_tab  lv_tabview.o
    0x0801e5e0   0x0801e5e0   0x00000010   Code   RO         1343    i.lv_tabview_get_tab_act  lv_tabview.o
    0x0801e5f0   0x0801e5f0   0x0000001e   Code   RO         1347    i.lv_tabview_set_btns_pos  lv_tabview.o
    0x0801e60e   0x0801e60e   0x000000be   Code   RO         1349    i.lv_tabview_set_style  lv_tabview.o
    0x0801e6cc   0x0801e6cc   0x00000260   Code   RO         1350    i.lv_tabview_set_tab_act  lv_tabview.o
    0x0801e92c   0x0801e92c   0x00000184   Code   RO         1351    i.lv_tabview_signal  lv_tabview.o
    0x0801eab0   0x0801eab0   0x00000018   Code   RO          686    i.lv_task_core_init  lv_task.o
    0x0801eac8   0x0801eac8   0x0000003e   Code   RO          687    i.lv_task_create    lv_task.o
    0x0801eb06   0x0801eb06   0x00000002   PAD
    0x0801eb08   0x0801eb08   0x000000a4   Code   RO          688    i.lv_task_create_basic  lv_task.o
    0x0801ebac   0x0801ebac   0x00000030   Code   RO          689    i.lv_task_del       lv_task.o
    0x0801ebdc   0x0801ebdc   0x0000000c   Code   RO          690    i.lv_task_enable    lv_task.o
    0x0801ebe8   0x0801ebe8   0x00000050   Code   RO          691    i.lv_task_exec      lv_task.o
    0x0801ec38   0x0801ec38   0x00000174   Code   RO          693    i.lv_task_handler   lv_task.o
    0x0801edac   0x0801edac   0x00000012   Code   RO          695    i.lv_task_ready     lv_task.o
    0x0801edbe   0x0801edbe   0x00000004   Code   RO          697    i.lv_task_set_cb    lv_task.o
    0x0801edc2   0x0801edc2   0x00000004   Code   RO          698    i.lv_task_set_period  lv_task.o
    0x0801edc6   0x0801edc6   0x00000002   PAD
    0x0801edc8   0x0801edc8   0x00000064   Code   RO          699    i.lv_task_set_prio  lv_task.o
    0x0801ee2c   0x0801ee2c   0x0000000c   Code   RO         1397    i.lv_theme_get_current  lv_theme.o
    0x0801ee38   0x0801ee38   0x000000d0   Code   RO         1420    i.lv_theme_night_init  lv_theme_night.o
    0x0801ef08   0x0801ef08   0x0000002c   Code   RO         1398    i.lv_theme_set_current  lv_theme.o
    0x0801ef34   0x0801ef34   0x0000001a   Code   RO          614    i.lv_tick_elaps     lv_hal_tick.o
    0x0801ef4e   0x0801ef4e   0x00000002   PAD
    0x0801ef50   0x0801ef50   0x00000020   Code   RO          615    i.lv_tick_get       lv_hal_tick.o
    0x0801ef70   0x0801ef70   0x0000001c   Code   RO          616    i.lv_tick_inc       lv_hal_tick.o
    0x0801ef8c   0x0801ef8c   0x00000048   Code   RO          701    i.lv_txt_cut        lv_txt.o
    0x0801efd4   0x0801efd4   0x00000120   Code   RO          702    i.lv_txt_get_next_line  lv_txt.o
    0x0801f0f4   0x0801f0f4   0x000000cc   Code   RO          703    i.lv_txt_get_size   lv_txt.o
    0x0801f1c0   0x0801f1c0   0x00000090   Code   RO          704    i.lv_txt_get_width  lv_txt.o
    0x0801f250   0x0801f250   0x00000050   Code   RO          705    i.lv_txt_ins        lv_txt.o
    0x0801f2a0   0x0801f2a0   0x00000048   Code   RO          706    i.lv_txt_is_cmd     lv_txt.o
    0x0801f2e8   0x0801f2e8   0x000000a4   Code   RO          707    i.lv_txt_unicode_to_utf8  lv_txt.o
    0x0801f38c   0x0801f38c   0x0000003e   Code   RO          708    i.lv_txt_utf8_conv_wc  lv_txt.o
    0x0801f3ca   0x0801f3ca   0x00000002   PAD
    0x0801f3cc   0x0801f3cc   0x00000028   Code   RO          709    i.lv_txt_utf8_get_byte_id  lv_txt.o
    0x0801f3f4   0x0801f3f4   0x00000028   Code   RO          710    i.lv_txt_utf8_get_char_id  lv_txt.o
    0x0801f41c   0x0801f41c   0x00000028   Code   RO          711    i.lv_txt_utf8_get_length  lv_txt.o
    0x0801f444   0x0801f444   0x00000148   Code   RO          712    i.lv_txt_utf8_next  lv_txt.o
    0x0801f58c   0x0801f58c   0x00000060   Code   RO          713    i.lv_txt_utf8_prev  lv_txt.o
    0x0801f5ec   0x0801f5ec   0x0000003c   Code   RO          714    i.lv_txt_utf8_size  lv_txt.o
    0x0801f628   0x0801f628   0x00000054   Code   RO          716    i.lv_utils_bsearch  lv_utils.o
    0x0801f67c   0x0801f67c   0x00000080   Code   RO          717    i.lv_utils_num_to_str  lv_utils.o
    0x0801f6fc   0x0801f6fc   0x00000060   Code   RO            2    i.main              main.o
    0x0801f75c   0x0801f75c   0x0000005c   Code   RO         1467    i.main_win_create   main_win.o
    0x0801f7b8   0x0801f7b8   0x00000028   Code   RO          796    i.make_one_button_toggled  lv_btnm.o
    0x0801f7e0   0x0801f7e0   0x00000062   Code   RO          797    i.maps_are_identical  lv_btnm.o
    0x0801f842   0x0801f842   0x00000002   PAD
    0x0801f844   0x0801f844   0x0000009c   Code   RO         1421    i.mbox_init         lv_theme_night.o
    0x0801f8e0   0x0801f8e0   0x00000078   Code   RO         1135    i.mbox_realign      lv_mbox.o
    0x0801f958   0x0801f958   0x00000030   Code   RO          669    i.node_set_next     lv_ll.o
    0x0801f988   0x0801f988   0x0000002c   Code   RO          670    i.node_set_prev     lv_ll.o
    0x0801f9b4   0x0801f9b4   0x0000002c   Code   RO          333    i.obj_to_foreground  lv_group.o
    0x0801f9e0   0x0801f9e0   0x0000000e   Code   RO           49    i.opt_delay         lcd.o
    0x0801f9ee   0x0801f9ee   0x00000002   PAD
    0x0801f9f0   0x0801f9f0   0x00000080   Code   RO         1422    i.page_init         lv_theme_night.o
    0x0801fa70   0x0801fa70   0x00000074   Code   RO         1301    i.placeholder_update  lv_ta.o
    0x0801fae4   0x0801fae4   0x00000024   Code   RO          553    i.point_swap        lv_draw_triangle.o
    0x0801fb08   0x0801fb08   0x00000010   Code   RO         1423    i.preload_init      lv_theme_night.o
    0x0801fb18   0x0801fb18   0x00000060   Code   RO         1302    i.pwd_char_hider    lv_ta.o
    0x0801fb78   0x0801fb78   0x00000002   Code   RO         1303    i.pwd_char_hider_anim  lv_ta.o
    0x0801fb7a   0x0801fb7a   0x0000000e   Code   RO         1304    i.pwd_char_hider_anim_ready  lv_ta.o
    0x0801fb88   0x0801fb88   0x000000b8   Code   RO         1468    i.quit_mbox_create  main_win.o
    0x0801fc40   0x0801fc40   0x00000354   Code   RO         1305    i.refr_cursor_area  lv_ta.o
    0x0801ff94   0x0801ff94   0x0000007c   Code   RO         1202    i.refr_height       lv_roller.o
    0x08020010   0x08020010   0x00000100   Code   RO         1203    i.refr_position     lv_roller.o
    0x08020110   0x08020110   0x00000050   Code   RO          458    i.refresh_children_position  lv_obj.o
    0x08020160   0x08020160   0x00000042   Code   RO          459    i.refresh_children_style  lv_obj.o
    0x080201a2   0x080201a2   0x00000002   PAD
    0x080201a4   0x080201a4   0x00000030   Code   RO          334    i.refresh_theme     lv_group.o
    0x080201d4   0x080201d4   0x00000158   Code   RO          960    i.release_handler   lv_ddlist.o
    0x0802032c   0x0802032c   0x0000003c   Code   RO          460    i.report_style_mod_core  lv_obj.o
    0x08020368   0x08020368   0x00000074   Code   RO         1424    i.roller_init       lv_theme_night.o
    0x080203dc   0x080203dc   0x0000004e   Code   RO         1169    i.scrl_def_event_cb  lv_page.o
    0x0802042a   0x0802042a   0x0000000c   Code   RO         1204    i.scroll_anim_ready_cb  lv_roller.o
    0x08020436   0x08020436   0x00000002   PAD
    0x08020438   0x08020438   0x00000128   Code   RO         1469    i.setting_tab_init  main_win.o
    0x08020560   0x08020560   0x00000030   Code   RO         1425    i.slider_init       lv_theme_night.o
    0x08020590   0x08020590   0x00000024   Code   RO         1426    i.spinbox_init      lv_theme_night.o
    0x080205b4   0x080205b4   0x00000034   Code   RO         1427    i.style_mod         lv_theme_night.o
    0x080205e8   0x080205e8   0x000000c0   Code   RO          335    i.style_mod_def     lv_group.o
    0x080206a8   0x080206a8   0x00000028   Code   RO         1428    i.style_mod_edit    lv_theme_night.o
    0x080206d0   0x080206d0   0x000000c0   Code   RO          336    i.style_mod_edit_def  lv_group.o
    0x08020790   0x08020790   0x00000148   Code   RO          510    i.sw_color_fill     lv_draw_basic.o
    0x080208d8   0x080208d8   0x00000020   Code   RO         1429    i.sw_init           lv_theme_night.o
    0x080208f8   0x080208f8   0x00000050   Code   RO          511    i.sw_mem_blend      lv_draw_basic.o
    0x08020948   0x08020948   0x0000002c   Code   RO         1430    i.ta_init           lv_theme_night.o
    0x08020974   0x08020974   0x00000074   Code   RO         1352    i.tab_btnm_event_cb  lv_tabview.o
    0x080209e8   0x080209e8   0x00000040   Code   RO         1431    i.table_init        lv_theme_night.o
    0x08020a28   0x08020a28   0x00000106   Code   RO         1353    i.tabpage_press_lost_handler  lv_tabview.o
    0x08020b2e   0x08020b2e   0x00000024   Code   RO         1354    i.tabpage_pressed_handler  lv_tabview.o
    0x08020b52   0x08020b52   0x000001b8   Code   RO         1355    i.tabpage_pressing_handler  lv_tabview.o
    0x08020d0a   0x08020d0a   0x00000002   PAD
    0x08020d0c   0x08020d0c   0x0000007c   Code   RO         1356    i.tabpage_scrl_signal  lv_tabview.o
    0x08020d88   0x08020d88   0x00000074   Code   RO         1357    i.tabpage_signal    lv_tabview.o
    0x08020dfc   0x08020dfc   0x0000003c   Code   RO         1432    i.tabview_init      lv_theme_night.o
    0x08020e38   0x08020e38   0x0000062c   Code   RO         1358    i.tabview_realign   lv_tabview.o
    0x08021464   0x08021464   0x00000024   Code   RO         1433    i.tileview_init     lv_theme_night.o
    0x08021488   0x08021488   0x00000074   Code   RO         1449    i.toast             gui_app.o
    0x080214fc   0x080214fc   0x00000058   Code   RO         1443    i.touchpad_read     lv_port_indev.o
    0x08021554   0x08021554   0x000003fc   Code   RO           73    i.tp_adjust         touch.o
    0x08021950   0x08021950   0x00000154   Code   RO           74    i.tp_adjust_info_show  touch.o
    0x08021aa4   0x08021aa4   0x00000070   Code   RO           76    i.tp_draw_touch_point  touch.o
    0x08021b14   0x08021b14   0x00000028   Code   RO           77    i.tp_get_adjust_data  touch.o
    0x08021b3c   0x08021b3c   0x00000104   Code   RO           78    i.tp_init           touch.o
    0x08021c40   0x08021c40   0x000000c4   Code   RO           79    i.tp_read_ad        touch.o
    0x08021d04   0x08021d04   0x00000078   Code   RO           80    i.tp_read_xoy       touch.o
    0x08021d7c   0x08021d7c   0x00000044   Code   RO           81    i.tp_read_xy        touch.o
    0x08021dc0   0x08021dc0   0x000000b0   Code   RO           82    i.tp_read_xy2       touch.o
    0x08021e70   0x08021e70   0x0000001c   Code   RO           83    i.tp_save_adjust_data  touch.o
    0x08021e8c   0x08021e8c   0x00000130   Code   RO           84    i.tp_scan           touch.o
    0x08021fbc   0x08021fbc   0x00000058   Code   RO           85    i.tp_write_byte     touch.o
    0x08022014   0x08022014   0x00000458   Code   RO          554    i.tri_draw_flat     lv_draw_triangle.o
    0x0802246c   0x0802246c   0x000003a0   Code   RO          555    i.tri_draw_tall     lv_draw_triangle.o
    0x0802280c   0x0802280c   0x000000a0   Code   RO          111    i.uart_init         usart.o
    0x080228ac   0x080228ac   0x0000000a   Code   RO          587    i.unicode_list_compare  lv_font_fmt_txt.o
    0x080228b6   0x080228b6   0x000000d2   Code   RO         1306    i.update_cursor_position_on_click  lv_ta.o
    0x08022988   0x08022988   0x00000104   Code   RO         1434    i.win_init          lv_theme_night.o
    0x08022a8c   0x08022a8c   0x000017c0   Data   RO           51    .constdata          lcd.o
    0x0802424c   0x0802424c   0x00000004   Data   RO           86    .constdata          touch.o
    0x08024250   0x08024250   0x0000002e   Data   RO          337    .constdata          lv_group.o
    0x0802427e   0x0802427e   0x00000002   PAD
    0x08024280   0x08024280   0x00000016   Data   RO          490    .constdata          lv_style.o
    0x08024296   0x08024296   0x00000024   Data   RO          496    .constdata          lv_draw.o
    0x080242ba   0x080242ba   0x00000011   Data   RO          550    .constdata          lv_draw_rect.o
    0x080242cb   0x080242cb   0x00000001   PAD
    0x080242cc   0x080242cc   0x00002db8   Data   RO          588    .constdata          lv_font_roboto_16.o
    0x08027084   0x08027084   0x00000002   Data   RO          607    .constdata          lv_hal_disp.o
    0x08027086   0x08027086   0x00000112   Data   RO         1012    .constdata          lv_kb.o
    0x08027198   0x08027198   0x00000002   Data   RO         1436    .constdata          lv_theme_night.o
    0x0802719a   0x0802719a   0x00000002   PAD
    0x0802719c   0x0802719c   0x00000054   Data   RO         1453    .constdata          calendar_win.o
    0x080271f0   0x080271f0   0x00000002   Data   RO         1458    .constdata          chart_win.o
    0x080271f2   0x080271f2   0x00000002   PAD
    0x080271f4   0x080271f4   0x00000060   Data   RO         1470    .constdata          main_win.o
    0x08027254   0x08027254   0x00001b0c   Data   RO         1473    .constdata          chart_img.o
    0x08028d60   0x08028d60   0x00001b0c   Data   RO         1474    .constdata          date_img.o
    0x0802a86c   0x0802a86c   0x00001b0c   Data   RO         1477    .constdata          progress_img.o
    0x0802c378   0x0802c378   0x000015fc   Data   RO         1478    .constdata          weixin_img.o
    0x0802d974   0x0802d974   0x00000008   Data   RO         1485    .constdata          call_win.o
    0x0802d97c   0x0802d97c   0x00000079   Data   RO           87    .conststring        touch.o
    0x0802d9f5   0x0802d9f5   0x00000003   PAD
    0x0802d9f8   0x0802d9f8   0x0000002d   Data   RO          798    .conststring        lv_btnm.o
    0x0802da25   0x0802da25   0x00000003   PAD
    0x0802da28   0x0802da28   0x00000085   Data   RO          831    .conststring        lv_calendar.o
    0x0802daad   0x0802daad   0x00000003   PAD
    0x0802dab0   0x0802dab0   0x00000188   Data   RO         1013    .conststring        lv_kb.o
    0x0802dc38   0x0802dc38   0x0000005d   Data   RO         1454    .conststring        calendar_win.o
    0x0802dc95   0x0802dc95   0x00000003   PAD
    0x0802dc98   0x0802dc98   0x00000098   Data   RO         1471    .conststring        main_win.o
    0x0802dd30   0x0802dd30   0x00000003   Data   RO         1486    .conststring        call_win.o
    0x0802dd33   0x0802dd33   0x00000001   PAD
    0x0802dd34   0x0802dd34   0x00000020   Data   RO         1669    Region$$Table       anon$$obj.o


    Execution Region RW_IRAM1 (Exec base: 0x20000000, Load base: 0x0802dd54, Size: 0x000084d0, Max: 0x0000c000, ABSOLUTE, COMPRESSED[0x0000023c])

    Exec Addr    Load Addr    Size         Type   Attr      Idx    E Section Name        Object

    0x20000000   COMPRESSED   0x00000010   Data   RW            3    .data               main.o
    0x20000010   COMPRESSED   0x00000014   Data   RW           17    .data               system_stm32f10x.o
    0x20000024   COMPRESSED   0x00000004   Data   RW           52    .data               lcd.o
    0x20000028   COMPRESSED   0x00000048   Data   RW           88    .data               touch.o
    0x20000070   COMPRESSED   0x00000002   Data   RW           99    .data               lora.o
    0x20000072   COMPRESSED   0x00000004   Data   RW          103    .data               delay.o
    0x20000076   COMPRESSED   0x00000002   PAD
    0x20000078   COMPRESSED   0x00000006   Data   RW          113    .data               usart.o
    0x2000007e   COMPRESSED   0x00000014   Data   RW          169    .data               stm32f10x_rcc.o
    0x20000092   COMPRESSED   0x00000002   PAD
    0x20000094   COMPRESSED   0x00000008   Data   RW          366    .data               lv_indev.o
    0x2000009c   COMPRESSED   0x0000000c   Data   RW          461    .data               lv_obj.o
    0x200000a8   COMPRESSED   0x00000008   Data   RW          479    .data               lv_refr.o
    0x200000b0   COMPRESSED   0x00000024   Data   RW          497    .data               lv_draw.o
    0x200000d4   COMPRESSED   0x00000002   Data   RW          559    .data               lv_img_cache.o
    0x200000d6   COMPRESSED   0x00000002   PAD
    0x200000d8   COMPRESSED   0x0000002c   Data   RW          589    .data               lv_font_roboto_16.o
    0x20000104   COMPRESSED   0x00000004   Data   RW          608    .data               lv_hal_disp.o
    0x20000108   COMPRESSED   0x00000005   Data   RW          617    .data               lv_hal_tick.o
    0x2000010d   COMPRESSED   0x00000003   PAD
    0x20000110   COMPRESSED   0x00000005   Data   RW          633    .data               lv_anim.o
    0x20000115   COMPRESSED   0x00000003   PAD
    0x20000118   COMPRESSED   0x0000000c   Data   RW          653    .data               lv_gc.o
    0x20000124   COMPRESSED   0x00000008   Data   RW          685    .data               lv_mem.o
    0x2000012c   COMPRESSED   0x00000014   Data   RW          700    .data               lv_task.o
    0x20000140   COMPRESSED   0x00000020   Data   RW          715    .data               lv_txt.o
    0x20000160   COMPRESSED   0x00000008   Data   RW          743    .data               lv_bar.o
    0x20000168   COMPRESSED   0x00000008   Data   RW          760    .data               lv_btn.o
    0x20000170   COMPRESSED   0x00000024   Data   RW          799    .data               lv_btnm.o
    0x20000194   COMPRESSED   0x00000054   Data   RW          832    .data               lv_calendar.o
    0x200001e8   COMPRESSED   0x00000008   Data   RW          907    .data               lv_chart.o
    0x200001f0   COMPRESSED   0x00000004   Data   RW          926    .data               lv_cont.o
    0x200001f4   COMPRESSED   0x0000000c   Data   RW          961    .data               lv_ddlist.o
    0x20000200   COMPRESSED   0x00000004   Data   RW          990    .data               lv_img.o
    0x20000204   COMPRESSED   0x00000268   Data   RW         1014    .data               lv_kb.o
    0x2000046c   COMPRESSED   0x00000004   Data   RW         1051    .data               lv_label.o
    0x20000470   COMPRESSED   0x00000004   Data   RW         1072    .data               lv_line.o
    0x20000474   COMPRESSED   0x00000010   Data   RW         1101    .data               lv_list.o
    0x20000484   COMPRESSED   0x00000004   Data   RW         1136    .data               lv_mbox.o
    0x20000488   COMPRESSED   0x00000008   Data   RW         1170    .data               lv_page.o
    0x20000490   COMPRESSED   0x00000008   Data   RW         1205    .data               lv_roller.o
    0x20000498   COMPRESSED   0x00000008   Data   RW         1219    .data               lv_slider.o
    0x200004a0   COMPRESSED   0x00000004   Data   RW         1246    .data               lv_sw.o
    0x200004a4   COMPRESSED   0x00000014   Data   RW         1307    .data               lv_ta.o
    0x200004b8   COMPRESSED   0x00000010   Data   RW         1360    .data               lv_tabview.o
    0x200004c8   COMPRESSED   0x00000004   Data   RW         1399    .data               lv_theme.o
    0x200004cc   COMPRESSED   0x00000008   Data   RW         1437    .data               lv_theme_night.o
    0x200004d4   COMPRESSED   0x00000004   Data   RW         1444    .data               lv_port_indev.o
    0x200004d8   COMPRESSED   0x00000008   Data   RW         1455    .data               calendar_win.o
    0x200004e0   COMPRESSED   0x00000024   Data   RW         1459    .data               chart_win.o
    0x20000504   COMPRESSED   0x00000014   Data   RW         1463    .data               login_win.o
    0x20000518   COMPRESSED   0x0000001c   Data   RW         1472    .data               main_win.o
    0x20000534   COMPRESSED   0x00000018   Data   RW         1487    .data               call_win.o
    0x2000054c        -       0x0000000e   Zero   RW           50    .bss                lcd.o
    0x2000055a        -       0x000000c8   Zero   RW          112    .bss                usart.o
    0x20000622   COMPRESSED   0x00000002   PAD
    0x20000624        -       0x0000030c   Zero   RW          489    .bss                lv_style.o
    0x20000930        -       0x00000060   Zero   RW          652    .bss                lv_gc.o
    0x20000990        -       0x00004000   Zero   RW          684    .bss                lv_mem.o
    0x20004990        -       0x00000da4   Zero   RW         1435    .bss                lv_theme_night.o
    0x20005734        -       0x0000259c   Zero   RW         1441    .bss                lv_port_disp.o
    0x20007cd0        -       0x00000800   Zero   RW          115    STACK               startup_stm32f10x_hd.o


==============================================================================

Image component sizes


      Code (inc. data)   RO Data    RW Data    ZI Data      Debug   Object Name

       246          0          0          0          0          0   24cxx.o
       432         84        177          8          0          0   calendar_win.o
       856        186         11         24          0          0   call_win.o
         0          0       6924          0          0          0   chart_img.o
       636        128          2         36          0          0   chart_win.o
         0          0       6924          0          0          0   date_img.o
       220         26          0          4          0          0   delay.o
       436         44          0          0          0          0   gui_app.o
      8088        204       6080          4         14          0   lcd.o
        56          6          0          0          0          0   led.o
       896        202          0         20          0          0   login_win.o
       332         32          0          2          0          0   lora.o
       732         50          0          5          0          0   lv_anim.o
       534          0          0          0          0          0   lv_area.o
      1760         52          0          8          0          0   lv_bar.o
      1102         60          0          8          0          0   lv_btn.o
      4178         98         45         36          0          0   lv_btnm.o
      3834         90        133         84          0          0   lv_calendar.o
      5166         96          0          8          0          0   lv_chart.o
        98          0          0          0          0          0   lv_circ.o
       298          6          0          0          0          0   lv_color.o
      3164         24          0          4          0          0   lv_cont.o
      3594        118          0         12          0          0   lv_ddlist.o
        66          0          0          0          0          0   lv_disp.o
       364         20         36         36          0          0   lv_draw.o
      2558         26          0          0          0          0   lv_draw_basic.o
       772         40          0          0          0          0   lv_draw_img.o
      1350         24          0          0          0          0   lv_draw_label.o
      5252          0          0          0          0          0   lv_draw_line.o
     11568         16         17          0          0          0   lv_draw_rect.o
      2518          0          0          0          0          0   lv_draw_triangle.o
        84          0          0          0          0          0   lv_font.o
       886         16          0          0          0          0   lv_font_fmt_txt.o
         0          0      11704         44          0          0   lv_font_roboto_16.o
         0          0          0         12         96          0   lv_gc.o
      1748         46         46          0          0          0   lv_group.o
       582         30          2          4          0          0   lv_hal_disp.o
       234         12          0          0          0          0   lv_hal_indev.o
        86         20          0          5          0          0   lv_hal_tick.o
      1198         32          0          4          0          0   lv_img.o
       540         34          0          2          0          0   lv_img_cache.o
      1890         60          0          0          0          0   lv_img_decoder.o
      5052         68          0          8          0          0   lv_indev.o
      1470        130        666        616          0          0   lv_kb.o
      4326        108          0          4          0          0   lv_label.o
      1182         30          0          4          0          0   lv_line.o
      2828        120          0         16          0          0   lv_list.o
       852          0          0          0          0          0   lv_ll.o
      1564         78          0          4          0          0   lv_mbox.o
       544         32          0          8      16384          0   lv_mem.o
      5812        112          0         12          0          0   lv_obj.o
      6310        112          0          8          0          0   lv_page.o
       124         18          0          0       9628          0   lv_port_disp.o
       124         20          0          4          0          0   lv_port_indev.o
      2012         48          0          8          0          0   lv_refr.o
      2930         72          0          8          0          0   lv_roller.o
      2722         38          0          8          0          0   lv_slider.o
      1434         68         22          0        780          0   lv_style.o
      1150         24          0          4          0          0   lv_sw.o
      7228        240          0         20          0          0   lv_ta.o
      5574        128          0         16          0          0   lv_tabview.o
       888         90          0         20          0          0   lv_task.o
        56         10          0          4          0          0   lv_theme.o
      5056        624          2          8       3492          0   lv_theme_night.o
      1690         60          0         32          0          0   lv_txt.o
       212          0          0          0          0          0   lv_utils.o
       356         44          0         16          0          0   main.o
      1094        268        248         28          0          0   main_win.o
       172         22          0          0          0          0   misc.o
       692        108          0          0          0          0   myiic.o
         0          0       6924          0          0          0   progress_img.o
        36          8        304          0       2048          0   startup_stm32f10x_hd.o
       448          6          0          0          0          0   stm32f10x_gpio.o
        26          0          0          0          0          0   stm32f10x_it.o
       276         32          0         20          0          0   stm32f10x_rcc.o
       246         42          0          0          0          0   stm32f10x_tim.o
       472          6          0          0          0          0   stm32f10x_usart.o
       328         28          0         20          0          0   system_stm32f10x.o
       220         10          0          0          0          0   timer.o
      2752        178        125         72          0          0   touch.o
       324         26          0          6        200          0   usart.o
         0          0       5628          0          0          0   weixin_img.o

    ----------------------------------------------------------------------
    137064       4890      46072       1356      32644          0   Object Totals
         0          0         32          0          0          0   (incl. Generated)
       128          0         20         12          2          0   (incl. Padding)

    ----------------------------------------------------------------------

      Code (inc. data)   RO Data    RW Data    ZI Data      Debug   Library Member Name

        86          0          0          0          0          0   __dczerorl2.o
         0          0          0          0          0          0   entry.o
         0          0          0          0          0          0   entry10a.o
         0          0          0          0          0          0   entry11a.o
         4          0          0          0          0          0   entry12b.o
         8          4          0          0          0          0   entry2.o
         4          0          0          0          0          0   entry5.o
         0          0          0          0          0          0   entry7b.o
         0          0          0          0          0          0   entry8b.o
         8          4          0          0          0          0   entry9a.o
        30          0          0          0          0          0   handlers.o
        36          8          0          0          0          0   init.o
         0          0          0          0          0          0   iusefp.o
        30          0          0          0          0          0   llshl.o
        36          0          0          0          0          0   llsshr.o
        32          0          0          0          0          0   llushr.o
        36          0          0          0          0          0   memcpya.o
        36          0          0          0          0          0   memseta.o
      2268         96          0          0          0          0   printfa.o
        28          0          0          0          0          0   strcmp.o
        18          0          0          0          0          0   strcpy.o
        14          0          0          0          0          0   strlen.o
        44          0          0          0          0          0   uidiv.o
        98          0          0          0          0          0   uldiv.o
        48          0          0          0          0          0   cdcmple.o
        48          0          0          0          0          0   cdrcmple.o
       334          0          0          0          0          0   dadd.o
       222          0          0          0          0          0   ddiv.o
       186          0          0          0          0          0   depilogue.o
        48          0          0          0          0          0   dfixul.o
        34          0          0          0          0          0   dflti.o
       228          0          0          0          0          0   dmul.o
       176          0          0          0          0          0   fadd.o
       124          0          0          0          0          0   fdiv.o
       110          0          0          0          0          0   fepilogue.o
        50          0          0          0          0          0   ffixi.o
        40          0          0          0          0          0   ffixui.o
        18          0          0          0          0          0   fflti.o
        10          0          0          0          0          0   ffltui.o
       100          0          0          0          0          0   fmul.o

    ----------------------------------------------------------------------
      4596        112          0          0          0          0   Library Totals
         4          0          0          0          0          0   (incl. Padding)

    ----------------------------------------------------------------------

      Code (inc. data)   RO Data    RW Data    ZI Data      Debug   Library Name

      2816        112          0          0          0          0   mc_w.l
      1776          0          0          0          0          0   mf_w.l

    ----------------------------------------------------------------------
      4596        112          0          0          0          0   Library Totals

    ----------------------------------------------------------------------

==============================================================================


      Code (inc. data)   RO Data    RW Data    ZI Data      Debug   

    141660       5002      46072       1356      32644          0   Grand Totals
    141660       5002      46072        572      32644          0   ELF Image Totals (compressed)
    141660       5002      46072        572          0          0   ROM Totals

==============================================================================

    Total RO  Size (Code + RO Data)               187732 ( 183.33kB)
    Total RW  Size (RW Data + ZI Data)             34000 (  33.20kB)
    Total ROM Size (Code + RO Data + RW Data)     188304 ( 183.89kB)

==============================================================================

